 Reference element projection: cubed_sphere_map=           0
 readnl: accum         =           90         300         600
 readnl: topology      = cube
 readnl: test_case     = swtc6
 readnl: sub_case      =            1
 readnl: ndays         =            1
 readnl: nmax          =        14400
 readnl: qsize,qsize_d =            0           4
 readnl: ntrac,ntrac_d =            0           4
 readnl: NThreads      =            1
 readnl: ne,np         =            2           8
 readnl: partmethod    =            4
 readnl: nmpi_per_node =           16
 readnl: multilevel    =            1
 readnl: useframes     =            0
 readnl: nnodes        =            1
 readnl: npart         =           16
 readnl: test_cfldep   =  F
 readnl: integration   = explicit
 readnl: LF-trapazoidal freq=            0
 readnl: tracer_advection_formulation  =            1
 readnl: tstep_type    =            0
 readnl: vert_remap_q_alg  =            0
 readnl: tstep          =    6.00000000000000     
 readnl: ftype          =            0
 readnl: limiter_option =            0
 filter: smooth         =   0.000000000000000E+000
 readnl: qsplit        =            1
 readnl: vertical remap frequency rsplit (0=disabled):            0
 readnl: physics       =            0
 readnl: energy_fixer  =            0
 readnl: runtype       =            0
 weak form hyper viscsosity subcycle, tracer subcycle =            1           1
 Equivalent ne in fine region =           -1
viscosity:  nu (vor/div) =  0.00E+00 0.00E+00
viscosity:  nu_s      =  0.00E+00
viscosity:  nu_q      =  0.00E+00
viscosity:  nu_p      =  0.00E+00
viscosity:  nu_top      =  0.00E+00
   analysis: output_prefix = 
   analysis: io_stride =            1
   analysis: num_io_procs =           16
  analysis interpolation =  T T T T T T T T
  analysis interp nlat =           48
  analysis interp nlon =           96
  analysis interp gridtype =            2
  analysis interpolation type =            0
  total simulated time =    86400.0000000000     
 ============================================
 ============================================
 ============================================
 sum of Gaussian weights=   2.00000000000000     
 ============================================
 ============================================
 ============================================
 ============================================
 sum of Gauss-Lobatto weights=   2.00000000000000     
 ============================================
 Main:NThreads=           1
Average equatorial node spacing (deg, km) =  6.429  715.39
dx for CFL (smallest scale per elem): ave,min,max =   476.92  476.92  476.92
dx for hypervis (largest scale per elem): ave,min,max =   826.06  826.06  826.06
dx based on sqrt element area: ave,min,max =   659.10  659.10  659.10
CFL estimates in terms of S=time step stability region
(i.e. advection w/leapfrog: S=1, viscosity w/forward Euler: S=2)
 transfer function type in homme=bv      
 filter type            in homme=taylor  
Tp(:) =   1.000000  1.000000  1.000000  1.000000  1.000000  0.995701  0.106647  0.000000
  u=    0.000000000000000E+00   0.100077696000000E+03   0.645309127425113E+05
  v=   -0.609897182680726E+02   0.609897182680726E+02   0.418850687873921E-12
  p=    0.800000000000000E+04   0.105585578025814E+05   0.146303711297354E+08
 sqrt(g(h0+max(h)) =    298.341813701300     
  u=   -0.185251685310066E-16   0.100077696000000E+03   0.645309127425112E+05
  v=   -0.609903340224137E+02   0.609903340224137E+02   0.160786314817862E-11
  p=    0.800000000000000E+04   0.105585581995009E+05   0.146303711297354E+08
 sqrt(g(h0+max(h)) =    298.341814366510     
level =  1  M-M0/M0      = 0.0000E+00 dM/dt   /M  =  0.000000E+00
ENS-ENS0/ENS0= 0.8663E-10 dENS/dt /ENS=  0.144375E-10
E-E0/E0      = 0.1327E-10 dE/dt   /E  =  0.221169E-11  ( 0.2063E-11, 0.1487E-12)
                       Dissipation/E  =  0.000000E+00
PV-PV0       = 0.2966E-20 dPV/dt      =  0.494301E-21 |vor|/|f|= 0.394963E+00
DV-DV0       = 0.2261E-21 dDV/dt      =  0.376842E-22 |div|/|f|= 0.660711E-04
        1440 time=  0.100000000000000       days
  u=   -0.132878647060787E-13   0.100616700771609E+03   0.646004644162840E+05
  v=   -0.629470743254954E+02   0.629470743254954E+02  -0.129318777908338E-11
  p=    0.800074115689986E+04   0.105575707543903E+05   0.146296909579049E+08
 sqrt(g(h0+max(h)) =    298.340159473025     
level =  1  M-M0/M0      = 0.0000E+00 dM/dt   /M  =  0.000000E+00
ENS-ENS0/ENS0= 0.3149E-06 dENS/dt /ENS=  0.364624E-10
E-E0/E0      = 0.1067E-11 dE/dt   /E  = -0.141339E-14  ( 0.1297E-08,-0.1297E-08)
                       Dissipation/E  =  0.000000E+00
PV-PV0       = 0.4314E-20 dPV/dt      =  0.156138E-24 |vor|/|f|= 0.395048E+00
DV-DV0       = 0.2014E-21 dDV/dt      = -0.285955E-26 |div|/|f|= 0.722194E-02
        2880 time=  0.200000000000000       days
  u=    0.518624007390801E-14   0.998993778328922E+02   0.645316119336870E+05
  v=   -0.640667325190830E+02   0.640667325190830E+02   0.223820961764432E-12
  p=    0.800275232281913E+04   0.105611979002700E+05   0.146314025478878E+08
 sqrt(g(h0+max(h)) =    298.346238287447     
level =  1  M-M0/M0      = 0.0000E+00 dM/dt   /M  =  0.000000E+00
ENS-ENS0/ENS0= 0.7614E-06 dENS/dt /ENS=  0.516819E-10
E-E0/E0      = 0.2940E-12 dE/dt   /E  = -0.894540E-16  ( 0.2927E-08,-0.2927E-08)
                       Dissipation/E  =  0.000000E+00
PV-PV0       =-0.5123E-20 dPV/dt      = -0.109221E-23 |vor|/|f|= 0.395149E+00
DV-DV0       =-0.6175E-22 dDV/dt      = -0.304593E-25 |div|/|f|= 0.455813E-02
        4320 time=  0.300000000000000       days
  u=   -0.738203908150886E-01   0.100389398194536E+03   0.644248142460789E+05
  v=   -0.649701150098883E+02   0.649701150098883E+02  -0.181188397618826E-11
  p=    0.800295678385719E+04   0.105627129250951E+05   0.146307813257477E+08
 sqrt(g(h0+max(h)) =    298.348777314564     
level =  1  M-M0/M0      = 0.0000E+00 dM/dt   /M  =  0.000000E+00
ENS-ENS0/ENS0= 0.9914E-06 dENS/dt /ENS=  0.266107E-10
E-E0/E0      = 0.1245E-11 dE/dt   /E  =  0.110067E-15  (-0.1537E-08, 0.1537E-08)
                       Dissipation/E  =  0.000000E+00
PV-PV0       = 0.5392E-21 dPV/dt      =  0.655324E-24 |vor|/|f|= 0.394911E+00
DV-DV0       = 0.2139E-21 dDV/dt      =  0.319068E-25 |div|/|f|= 0.571240E-02
        5760 time=  0.400000000000000       days
  u=   -0.155863266776460E-12   0.997472317786287E+02   0.643410871712516E+05
  v=   -0.652568987187771E+02   0.652568987187769E+02  -0.746780415283865E-11
  p=    0.801729398326202E+04   0.105700543670207E+05   0.146322904791551E+08
 sqrt(g(h0+max(h)) =    298.361080516579     
level =  1  M-M0/M0      = 0.0000E+00 dM/dt   /M  =  0.000000E+00
ENS-ENS0/ENS0= 0.1182E-05 dENS/dt /ENS=  0.221139E-10
E-E0/E0      = 0.4594E-12 dE/dt   /E  = -0.909237E-16  ( 0.1196E-08,-0.1196E-08)
                       Dissipation/E  =  0.000000E+00
PV-PV0       = 0.1159E-19 dPV/dt      =  0.127944E-23 |vor|/|f|= 0.395350E+00
DV-DV0       =-0.1001E-21 dDV/dt      = -0.363485E-25 |div|/|f|= 0.522497E-02
        7200 time=  0.500000000000000       days
  u=   -0.951116304233303E-13   0.986423056982884E+02   0.641356040832376E+05
  v=   -0.650728320590633E+02   0.650728320590632E+02  -0.114539489004528E-10
  p=    0.798419799319811E+04   0.105664412930064E+05   0.146357100849485E+08
 sqrt(g(h0+max(h)) =    298.355025586978     
level =  1  M-M0/M0      = 0.0000E+00 dM/dt   /M  =  0.000000E+00
ENS-ENS0/ENS0= 0.1610E-05 dENS/dt /ENS=  0.494854E-10
E-E0/E0      = 0.3307E-12 dE/dt   /E  = -0.148957E-16  (-0.4392E-08, 0.4392E-08)
                       Dissipation/E  =  0.000000E+00
PV-PV0       = 0.1132E-19 dPV/dt      = -0.312059E-25 |vor|/|f|= 0.394833E+00
DV-DV0       =-0.4406E-21 dDV/dt      = -0.394112E-25 |div|/|f|= 0.602241E-02
        8640 time=  0.600000000000000       days
  u=   -0.846142822012625E-13   0.998639394448533E+02   0.640351881979665E+05
  v=   -0.642702774403005E+02   0.642702774403006E+02  -0.688515910951537E-11
  p=    0.801730089213347E+04   0.105590497006290E+05   0.146361769025196E+08
 sqrt(g(h0+max(h)) =    298.342638086863     
level =  1  M-M0/M0      =-0.1910E-15 dM/dt   /M  = -0.221024E-19
ENS-ENS0/ENS0= 0.2337E-05 dENS/dt /ENS=  0.841055E-10
E-E0/E0      = 0.1023E-11 dE/dt   /E  =  0.801683E-16  ( 0.9299E-08,-0.9299E-08)
                       Dissipation/E  =  0.000000E+00
PV-PV0       = 0.5392E-21 dPV/dt      = -0.124824E-23 |vor|/|f|= 0.395544E+00
DV-DV0       =-0.9664E-22 dDV/dt      =  0.398149E-25 |div|/|f|= 0.804966E-02
       10080 time=  0.700000000000000       days
  u=   -0.303347077842698E-12   0.100410037074644E+03   0.638621570982935E+05
  v=   -0.629371332299423E+02   0.629371332299424E+02  -0.824229573481716E-12
  p=    0.798961105733474E+04   0.105561076548113E+05   0.146387517454964E+08
 sqrt(g(h0+max(h)) =    298.337707396855     
level =  1  M-M0/M0      = 0.0000E+00 dM/dt   /M  =  0.221024E-19
ENS-ENS0/ENS0= 0.4063E-05 dENS/dt /ENS=  0.199775E-09
E-E0/E0      = 0.9169E-12 dE/dt   /E  = -0.123350E-16  (-0.3664E-08, 0.3664E-08)
                       Dissipation/E  =  0.000000E+00
PV-PV0       = 0.2696E-20 dPV/dt      =  0.249647E-24 |vor|/|f|= 0.394896E+00
DV-DV0       = 0.5542E-22 dDV/dt      =  0.175990E-25 |div|/|f|= 0.946466E-02
       11520 time=  0.800000000000000       days
  u=   -0.167305131479530E-14   0.997629393302075E+02   0.635784428874443E+05
  v=   -0.636235671203239E+02   0.636235671203239E+02   0.155253587763582E-10
  p=    0.801160799278554E+04   0.105784233785665E+05   0.146437561673476E+08
 sqrt(g(h0+max(h)) =    298.375105158870     
level =  1  M-M0/M0      =-0.1910E-15 dM/dt   /M  = -0.221024E-19
ENS-ENS0/ENS0= 0.6511E-05 dENS/dt /ENS=  0.283355E-09
E-E0/E0      = 0.6617E-12 dE/dt   /E  = -0.295290E-16  ( 0.3220E-08,-0.3220E-08)
                       Dissipation/E  =  0.000000E+00
PV-PV0       =-0.5392E-21 dPV/dt      = -0.374471E-24 |vor|/|f|= 0.395354E+00
DV-DV0       =-0.4977E-22 dDV/dt      = -0.121746E-25 |div|/|f|= 0.110338E-01
       12960 time=  0.900000000000000       days
  u=   -0.173097791770328E-12   0.999984220571205E+02   0.633255720794152E+05
  v=   -0.645141272161047E+02   0.645141272161049E+02   0.543565192856477E-11
  p=    0.801010602006724E+04   0.105622762018680E+05   0.146430110919432E+08
 sqrt(g(h0+max(h)) =    298.348045413185     
level =  1  M-M0/M0      = 0.0000E+00 dM/dt   /M  =  0.221024E-19
ENS-ENS0/ENS0= 0.1091E-04 dENS/dt /ENS=  0.509373E-09
E-E0/E0      = 0.2424E-12 dE/dt   /E  = -0.485356E-16  ( 0.8629E-10,-0.8629E-10)
                       Dissipation/E  =  0.000000E+00
PV-PV0       = 0.1105E-19 dPV/dt      =  0.134185E-23 |vor|/|f|= 0.395442E+00
DV-DV0       =-0.4006E-21 dDV/dt      = -0.406073E-25 |div|/|f|= 0.125911E-01
       14400 time=   1.00000000000000       days
  u=    0.112855736686096E-12   0.993440245098602E+02   0.630344349296426E+05
  v=   -0.651832458489522E+02   0.651832458489524E+02  -0.132303057398531E-10
  p=    0.799053980735027E+04   0.105799532131980E+05   0.146513317774658E+08
 sqrt(g(h0+max(h)) =    298.377668757563     
level =  1  M-M0/M0      = 0.0000E+00 dM/dt   /M  =  0.000000E+00
ENS-ENS0/ENS0= 0.2010E-04 dENS/dt /ENS=  0.106396E-08
E-E0/E0      = 0.9583E-12 dE/dt   /E  =  0.828715E-16  (-0.1025E-08, 0.1025E-08)
                       Dissipation/E  =  0.000000E+00
PV-PV0       = 0.4584E-20 dPV/dt      = -0.748942E-24 |vor|/|f|= 0.395125E+00
DV-DV0       = 0.2672E-22 dDV/dt      =  0.494601E-25 |div|/|f|= 0.142069E-01
