   vform =
   vfile_mid=
   vfile_int=
 Reference element projection: cubed_sphere_map=           0
 readnl: accum         =           -1         200        1200
 readnl: topology      = cube
 readnl: test_case     = jw_baroclinic
 readnl: sub_case      =            1
 readnl: ndays         =            0
 readnl: nmax          =         2160
 readnl: qsize,qsize_d =            1           4
 readnl: ntrac,ntrac_d =            0           4
 readnl: NThreads      =            1
 readnl: ne,np         =            6           4
 readnl: partmethod    =            4
 readnl: nmpi_per_node =           24
 readnl: multilevel    =            1
 readnl: useframes     =            0
 readnl: nnodes        =            1
 readnl: npart         =           24
 readnl: test_cfldep   =  F
 readnl: integration   = explicit
 readnl: LF-trapazoidal freq=            0
 readnl: tracer_advection_formulation  =            1
 readnl: tstep_type    =            0
 readnl: vert_remap_q_alg  =            0
 readnl: tstep          =    360.000000000000     
 readnl: ftype          =            0
 readnl: limiter_option =            8
 filter: smooth         =   0.000000000000000E+000
 readnl: qsplit        =            1
 readnl: vertical remap frequency rsplit (0=disabled):            0
 readnl: physics       =            0
 readnl: energy_fixer  =            0
 readnl: runtype       =            0
 weak form hyper viscsosity subcycle, tracer subcycle =            1           1
 Equivalent ne in fine region =           -1
viscosity:  nu (vor/div) =  0.40E+17 0.40E+17
viscosity:  nu_s      =  0.40E+17
viscosity:  nu_q      =  0.40E+17
viscosity:  nu_p      =  0.00E+00
viscosity:  nu_top      =  0.00E+00
 cooling:  cool_ampl             =   0.000000000000000E+000
 cooling:  cool_min              =   0.000000000000000E+000
 cooling:  cool_max              =   0.000000000000000E+000
 moisture: qv_flag               =            0
 moisture: qv_pert_flag          =            0
 moisture: qv_pert_ampl          =   0.000000000000000E+000
 moisture: qv_pert_zmin          =   0.000000000000000E+000
 moisture: qv_pert_zmax          =   0.000000000000000E+000
 surface:  isrf_forc             =            0
 surface:  h_dis                 =   0.000000000000000E+000
 surface:  Cdrag                 =   0.000000000000000E+000
 surface:  wstar                 =   0.000000000000000E+000
 surface:  tsurf                 =   0.000000000000000E+000
 surface:  qsurf                 =   0.000000000000000E+000
 wind:     u0                    =   0.000000000000000E+000
 absorber: zabsampl              =   0.000000000000000E+000
 absorber: zabsmid               =   0.000000000000000E+000
 absorber: zabsmin               =   0.000000000000000E+000
 noise   : noisef  0 off,  >0 on =            0
   analysis: output_prefix = 
   analysis: io_stride =            1
   analysis: num_io_procs =           24
  analysis interpolation =  T T T T T T T T
  analysis interp nlat =           48
  analysis interp nlon =           96
  analysis interp gridtype =            2
  analysis interpolation type =            0
  total simulated time =    777600.000000000     
 ============================================
 ============================================
 ============================================
 sum of Gaussian weights=   2.00000000000000     
 ============================================
 ============================================
 ============================================
 ============================================
 sum of Gauss-Lobatto weights=   2.00000000000000     
 ============================================
 re-initializing cube elements: area correction= 0.99999999160041930
component   1 length= 2496 displacement=      0
component   2 length= 1248 displacement=  19968
component   3 length=   48 displacement=  29952
component   4 length=   48 displacement=  30336
component   5 length=   16 displacement=  30720
component   6 length= 1664 displacement=  30848
component   7 length= 3328 displacement=  44160
component   8 length= 1248 displacement=  70784
 Main:NThreads=           1
 Main:n_domains =            1
Average equatorial node spacing (deg, km) =  5.000  556.41
dx for CFL (smallest scale per elem): ave,min,max =   427.72  370.94  521.48
dx for hypervis (largest scale per elem): ave,min,max =   579.85  557.66  642.49
dx based on sqrt element area: ave,min,max =   512.63  491.80  550.28
CFL estimates in terms of S=time step stability region
(i.e. advection w/leapfrog: S=1, viscosity w/forward Euler: S=2)
 nstep=           0  time=  0.000000000000000E+000  [day]
dt_remap: (0=disabled)        0.00
  u     =   0.540153160481573-259  0.355721153278937E+02  0.142064898228303E+07
  v     =   0.000000000000000E+00  0.000000000000000E+00  0.000000000000000E+00
  omega =   0.000000000000000E+00  0.000000000000000E+00  0.000000000000000E+00
  t     =   0.209489191032641E+03  0.309696592273572E+03  0.222723338172356E+08
      ps=   0.100000000000000E+06  0.100000000000000E+06  0.345600000000000E+09
      M =   0.101976716676049E+05 kg/m^2  0.100000000000000E+06 mb     
 nstep=           2  time=  8.333333333333333E-003  [day]
  u     =  -0.339338863862312E-03  0.354985527053130E+02  0.142064524735988E+07
  v     =  -0.159661986176844E+00  0.909096997528428E-01 -0.254508119254605E+02
  omega =  -0.204141876182223E-05  0.107770228670818E-05  0.613981097128845E-04
  t     =   0.209488842602050E+03  0.309698243500886E+03  0.222723363061378E+08
      ps=   0.998753532369560E+05  0.100073440915406E+06  0.345600094103933E+09
      M =   0.101976716676049E+05 kg/m^2  0.100000000000000E+06 mb     
 nstep=          60  time=  0.250000000000000       [day]
  u     =  -0.126483455690955E+00  0.350970308220814E+02  0.142149575416877E+07
  v     =  -0.214515976258063E+00  0.224541573139294E+00 -0.943602697000490E+02
  omega =  -0.866827542657008E-06  0.644948062074145E-06  0.248797663322618E-04
  t     =   0.209463937815361E+03  0.309734874622825E+03  0.222723520529838E+08
      ps=   0.999732402624915E+05  0.100040031644452E+06  0.345600862896556E+09
      M =   0.101976716676049E+05 kg/m^2  0.100000000000000E+06 mb     
 nstep=         120  time=  0.500000000000000       [day]
  u     =  -0.111585489795530E+00  0.350873342015267E+02  0.142122629945481E+07
  v     =  -0.183259319717484E+00  0.231554125374046E+00  0.112530758405059E+03
  omega =  -0.707542146381449E-06  0.634725886050405E-06  0.131252050898669E-03
  t     =   0.209460092681825E+03  0.309721764052127E+03  0.222723591986042E+08
      ps=   0.999704633919657E+05  0.100040417102929E+06  0.345600317119541E+09
      M =   0.101976716676049E+05 kg/m^2  0.100000000000000E+06 mb     
 nstep=         180  time=  0.750000000000000       [day]
  u     =  -0.552009945249643E-01  0.351026791122401E+02  0.142099091207401E+07
  v     =  -0.270945157733871E+00  0.271410457166740E+00 -0.196296462051109E+02
  omega =  -0.100155695413091E-05  0.132007274754647E-05  0.408549525172399E-05
  t     =   0.209475752311881E+03  0.309713537117290E+03  0.222723634542269E+08
      ps=   0.999505975196882E+05  0.100040003207058E+06  0.345600457206361E+09
      M =   0.101976716676049E+05 kg/m^2  0.100000000000000E+06 mb     
 nstep=         240  time=   1.00000000000000       [day]
  u     =  -0.825385323802490E-01  0.351471446489534E+02  0.142139663997337E+07
  v     =  -0.308610286737538E+00  0.288331129431123E+00 -0.114641826623478E+03
  omega =  -0.530432010626504E-06  0.641880094149285E-06  0.918268004816067E-04
  t     =   0.209481450644233E+03  0.309727354299953E+03  0.222723453370253E+08
      ps=   0.999626856396151E+05  0.100036720331628E+06  0.345599876155569E+09
      M =   0.101976716676049E+05 kg/m^2  0.100000000000000E+06 mb     
 nstep=         300  time=   1.25000000000000       [day]
  u     =  -0.144745775747542E+00  0.351210157998392E+02  0.142074937839568E+07
  v     =  -0.278997438831507E+00  0.277195432148947E+00  0.118566580240712E+03
  omega =  -0.784423603486517E-06  0.642509856397356E-06 -0.475545179270156E-04
  t     =   0.209469156453261E+03  0.309723642097905E+03  0.222723595694040E+08
      ps=   0.999646402974209E+05  0.100030714419638E+06  0.345600364824414E+09
      M =   0.101976716676049E+05 kg/m^2  0.100000000000000E+06 mb     
 nstep=         360  time=   1.50000000000000       [day]
  u     =  -0.471966389665980E-01  0.351160316855806E+02  0.142142584762884E+07
  v     =  -0.304606105748507E+00  0.331447030530829E+00  0.662189989843142E+02
  omega =  -0.679618628412359E-06  0.645833571028693E-06  0.652538807796737E-04
  t     =   0.209460242462063E+03  0.309722400048992E+03  0.222723711802500E+08
      ps=   0.999457975558919E+05  0.100040946447782E+06  0.345600221906768E+09
      M =   0.101976716676049E+05 kg/m^2  0.100000000000000E+06 mb     
 nstep=         420  time=   1.75000000000000       [day]
  u     =  -0.280789903708169E-01  0.351381280298279E+02  0.142121887180425E+07
  v     =  -0.346168329317356E+00  0.394981514560357E+00 -0.172149894505723E+03
  omega =  -0.724763763161029E-06  0.682200013418246E-06  0.717674158322551E-05
  t     =   0.209482039652621E+03  0.309718590620838E+03  0.222723577911155E+08
      ps=   0.999546933507626E+05  0.100024816862656E+06  0.345600207049840E+09
      M =   0.101976716676049E+05 kg/m^2  0.100000000000000E+06 mb     
 nstep=         480  time=   2.00000000000000       [day]
  u     =  -0.624967377761330E-01  0.350936035734245E+02  0.142099038035714E+07
  v     =  -0.332204723947511E+00  0.307841168499226E+00  0.782904073757466E+02
  omega =  -0.610223201660109E-06  0.665179494333264E-06  0.615448341622869E-04
  t     =   0.209474285316948E+03  0.309721928114133E+03  0.222723685952676E+08
      ps=   0.999529963770862E+05  0.100024082598559E+06  0.345600063053663E+09
      M =   0.101976716676049E+05 kg/m^2  0.100000000000000E+06 mb     
 nstep=         540  time=   2.25000000000000       [day]
  u     =  -0.808556051611882E-01  0.350874883774974E+02  0.142129538696355E+07
  v     =  -0.378875904796434E+00  0.313705708246993E+00  0.695001764528413E+02
  omega =  -0.622005154699082E-06  0.623984160482198E-06 -0.586738970939806E-05
  t     =   0.209474113107860E+03  0.309721405006744E+03  0.222723631228885E+08
      ps=   0.999513788184964E+05  0.100025911141714E+06  0.345600020821240E+09
      M =   0.101976716676049E+05 kg/m^2  0.100000000000000E+06 mb     
 nstep=         600  time=   2.50000000000000       [day]
  u     =  -0.544944501166066E-01  0.350781504510036E+02  0.142105462958182E+07
  v     =  -0.476257419363521E+00  0.380090386368247E+00 -0.130156580720417E+03
  omega =  -0.586669351343995E-06  0.634749830937689E-06  0.324016053060679E-04
  t     =   0.209485492194496E+03  0.309720169478604E+03  0.222723655374508E+08
      ps=   0.999441088413069E+05  0.100025066127194E+06  0.345600282677298E+09
      M =   0.101976716676049E+05 kg/m^2  0.100000000000000E+06 mb     
 nstep=         660  time=   2.75000000000000       [day]
  u     =  -0.471610989646353E-01  0.350872087374682E+02  0.142141625054730E+07
  v     =  -0.551043270258693E+00  0.437502911302067E+00  0.147200588464381E+02
  omega =  -0.657661072863305E-06  0.656958150526032E-06  0.303260557238037E-04
  t     =   0.209456543952552E+03  0.309726309697134E+03  0.222723708722551E+08
      ps=   0.999448088584725E+05  0.100032476604906E+06  0.345599873299027E+09
      M =   0.101976716676049E+05 kg/m^2  0.100000000000000E+06 mb     
 nstep=         720  time=   3.00000000000000       [day]
  u     =  -0.721613292036736E-01  0.350927871090902E+02  0.142108175647183E+07
  v     =  -0.631977118142818E+00  0.470833452539363E+00  0.100213045130251E+03
  omega =  -0.672671356788753E-06  0.638712980692322E-06  0.137861419428090E-04
  t     =   0.209479023763839E+03  0.309730423355088E+03  0.222723494413352E+08
      ps=   0.999252030885188E+05  0.100045892404818E+06  0.345600096808089E+09
      M =   0.101976716676049E+05 kg/m^2  0.100000000000000E+06 mb     
 nstep=         780  time=   3.25000000000000       [day]
  u     =  -0.212801863167950E-01  0.351046778245958E+02  0.142115452473078E+07
  v     =  -0.735737044855347E+00  0.569419191753003E+00 -0.168105484926448E+03
  omega =  -0.634151432358151E-06  0.633139832116479E-06  0.181532639396776E-04
  t     =   0.209477522720408E+03  0.309726740865993E+03  0.222723810582663E+08
      ps=   0.999187562409430E+05  0.100036771980443E+06  0.345600026497255E+09
      M =   0.101976716676049E+05 kg/m^2  0.100000000000000E+06 mb     
 nstep=         840  time=   3.50000000000000       [day]
  u     =  -0.972067695216065E-01  0.350641559905182E+02  0.142124960422128E+07
  v     =  -0.856519641547130E+00  0.710209893480083E+00  0.391811012948522E+02
  omega =  -0.702350046726493E-06  0.645319709936559E-06  0.214867559718422E-04
  t     =   0.209478232276799E+03  0.309727676871205E+03  0.222723613734879E+08
      ps=   0.999139813796317E+05  0.100042703479090E+06  0.345600085408550E+09
      M =   0.101976716676049E+05 kg/m^2  0.100000000000000E+06 mb     
 nstep=         900  time=   3.75000000000000       [day]
  u     =  -0.745270880349485E-01  0.350680236318115E+02  0.142122305117647E+07
  v     =  -0.103097794523051E+01  0.791403644899519E+00  0.116084601378139E+03
  omega =  -0.653953672394539E-06  0.650306838794957E-06  0.355511086884348E-04
  t     =   0.209472060726174E+03  0.309729591270752E+03  0.222723683281567E+08
      ps=   0.999091306889692E+05  0.100058707100371E+06  0.345600139895945E+09
      M =   0.101976716676049E+05 kg/m^2  0.100000000000000E+06 mb     
 nstep=         960  time=   4.00000000000000       [day]
  u     =  -0.548743561068665E-01  0.350689609080722E+02  0.142129138596086E+07
  v     =  -0.115954881425956E+01  0.946062160976563E+00 -0.160496939862152E+03
  omega =  -0.678950399915844E-06  0.686131537622381E-06  0.163931731001880E-04
  t     =   0.209463078577713E+03  0.309735019639278E+03  0.222723729045304E+08
      ps=   0.998873567468685E+05  0.100062803825375E+06  0.345599968376991E+09
      M =   0.101976716676049E+05 kg/m^2  0.100000000000000E+06 mb     
 nstep=        1020  time=   4.25000000000000       [day]
  u     =  -0.239258950788958E-01  0.351060093028396E+02  0.142105272664397E+07
  v     =  -0.132403938195596E+01  0.119609299555975E+01 -0.333689035389971E+01
  omega =  -0.670933457507379E-06  0.687390049691618E-06  0.364536279626828E-04
  t     =   0.209486093648481E+03  0.309731331376788E+03  0.222723598783290E+08
      ps=   0.998753706619953E+05  0.100078059851696E+06  0.345600292109298E+09
      M =   0.101976716676049E+05 kg/m^2  0.100000000000000E+06 mb     
 nstep=        1080  time=   4.50000000000000       [day]
  u     =  -0.400067647844359E-01  0.351210625879730E+02  0.142132090398854E+07
  v     =  -0.166047775206196E+01  0.141977976979404E+01  0.203439794958785E+03
  omega =  -0.650810280424432E-06  0.711235875786822E-06  0.136059446379891E-04
  t     =   0.209470462027286E+03  0.309738192022600E+03  0.222723709166455E+08
      ps=   0.998642563806143E+05  0.100091232918500E+06  0.345600180968890E+09
      M =   0.101976716676049E+05 kg/m^2  0.100000000000000E+06 mb     
 nstep=        1140  time=   4.75000000000000       [day]
  u     =  -0.182689094963405E-01  0.351373438324239E+02  0.142126754720643E+07
  v     =  -0.176538011473337E+01  0.155560177300674E+01 -0.134765343416295E+03
  omega =  -0.675331077897647E-06  0.659093405176402E-06  0.114421837705825E-04
  t     =   0.209468458322784E+03  0.309737229740168E+03  0.222723725801934E+08
      ps=   0.998383940775635E+05  0.100096355630781E+06  0.345600258098561E+09
      M =   0.101976716676049E+05 kg/m^2  0.100000000000000E+06 mb     
 nstep=        1200  time=   5.00000000000000       [day]
  u     =  -0.102275780268252E-01  0.351528659472752E+02  0.142114828000427E+07
  v     =  -0.190978202383783E+01  0.171071395251892E+01 -0.828876042696361E+02
  omega =  -0.663932420596577E-06  0.652554831906571E-06  0.173234406401578E-04
  t     =   0.209479364528459E+03  0.309738502592137E+03  0.222723522797056E+08
      ps=   0.998068491520983E+05  0.100113686366939E+06  0.345600228110635E+09
      M =   0.101976716676049E+05 kg/m^2  0.100000000000000E+06 mb     
 nstep=        1260  time=   5.25000000000000       [day]
  u     =  -0.882031771353072E-02  0.352124463937687E+02  0.142141237980122E+07
  v     =  -0.224073111859506E+01  0.195260221897800E+01  0.182477460071182E+03
  omega =  -0.795509984885721E-06  0.655083771997207E-06  0.393799492913676E-05
  t     =   0.209474126173555E+03  0.309742378624922E+03  0.222723574446869E+08
      ps=   0.997840294556132E+05  0.100135533623592E+06  0.345600162079941E+09
      M =   0.101976716676049E+05 kg/m^2  0.100000000000000E+06 mb     
 nstep=        1320  time=   5.50000000000000       [day]
  u     =  -0.228691906514657E-01  0.352177143979741E+02  0.142085278400540E+07
  v     =  -0.313611845038569E+01  0.227050600185276E+01 -0.989925674382589E+02
  omega =  -0.837455313221303E-06  0.696283829121968E-06  0.409398106390976E-04
  t     =   0.209473904829970E+03  0.309739758424328E+03  0.222723221056754E+08
      ps=   0.997549036545416E+05  0.100168736314352E+06  0.345600576652198E+09
      M =   0.101976716676049E+05 kg/m^2  0.100000000000000E+06 mb     
 nstep=        1380  time=   5.75000000000000       [day]
  u     =  -0.213880195891081E-01  0.352502879773745E+02  0.142150689014621E+07
  v     =  -0.346602921653483E+01  0.263138291623999E+01 -0.146148111099256E+03
  omega =  -0.811826084991859E-06  0.784195426625922E-06  0.286854464548410E-04
  t     =   0.209458316451822E+03  0.309744374275195E+03  0.222723234056941E+08
      ps=   0.996986479126976E+05  0.100191945300249E+06  0.345600932161206E+09
      M =   0.101976716676049E+05 kg/m^2  0.100000000000000E+06 mb     
 nstep=        1440  time=   6.00000000000000       [day]
  u     =  -0.192779386215057E-01  0.352668239214893E+02  0.142111946065690E+07
  v     =  -0.341984325064393E+01  0.335234225461255E+01  0.127996689382382E+03
  omega =  -0.885922425341723E-06  0.867113948754260E-06  0.359048499708407E-04
  t     =   0.209472252283509E+03  0.309743881326451E+03  0.222723265875919E+08
      ps=   0.996835153217339E+05  0.100236047611099E+06  0.345601076976454E+09
      M =   0.101976716676049E+05 kg/m^2  0.100000000000000E+06 mb     
 nstep=        1500  time=   6.25000000000000       [day]
  u     =  -0.255500652234231E-01  0.353070543438313E+02  0.142106797282463E+07
  v     =  -0.397917871150845E+01  0.400172564757804E+01 -0.589332450888757E+02
  omega =  -0.109351048838235E-05  0.106526974254048E-05  0.370730496492809E-04
  t     =   0.209478520144223E+03  0.309747651676847E+03  0.222723176136862E+08
      ps=   0.996347427944413E+05  0.100251809454377E+06  0.345601153881423E+09
      M =   0.101976716676049E+05 kg/m^2  0.100000000000000E+06 mb     
 nstep=        1560  time=   6.50000000000000       [day]
  u     =  -0.235146139775706E-01  0.354085994811015E+02  0.142131008392818E+07
  v     =  -0.422637552082894E+01  0.462507880590133E+01 -0.148202097342026E+03
  omega =  -0.102555248057888E-05  0.136446875442166E-05  0.530118464726210E-05
  t     =   0.209475421498120E+03  0.309752681118430E+03  0.222723445818827E+08
      ps=   0.995723271171434E+05  0.100297364257697E+06  0.345600761508178E+09
      M =   0.101976716676049E+05 kg/m^2  0.100000000000000E+06 mb     
 nstep=        1620  time=   6.75000000000000       [day]
  u     =  -0.248052036634103E-01  0.354754178439121E+02  0.142106250089707E+07
  v     =  -0.492558286385433E+01  0.524048702814244E+01  0.198174573848582E+03
  omega =  -0.110546655188274E-05  0.125982728653593E-05  0.246563298998920E-04
  t     =   0.209475311087171E+03  0.309751682542814E+03  0.222723317475079E+08
      ps=   0.994944926496400E+05  0.100345040162846E+06  0.345600597667093E+09
      M =   0.101976716676049E+05 kg/m^2  0.100000000000000E+06 mb     
 nstep=        1680  time=   7.00000000000000       [day]
  u     =  -0.294899299062065E-01  0.355222547105132E+02  0.142149020240451E+07
  v     =  -0.577651591915529E+01  0.642177813167069E+01 -0.119559695740049E+02
  omega =  -0.163086449461103E-05  0.154857042399267E-05  0.173426041912941E-04
  t     =   0.209469922548524E+03  0.309752012504195E+03  0.222723372042785E+08
      ps=   0.994043167956870E+05  0.100390367922638E+06  0.345600180526043E+09
      M =   0.101976716676049E+05 kg/m^2  0.100000000000000E+06 mb     
 nstep=        1740  time=   7.25000000000000       [day]
  u     =  -0.279955964626517E-01  0.355749040452557E+02  0.142097430566515E+07
  v     =  -0.673752127450037E+01  0.727291221044799E+01 -0.151137440586471E+03
  omega =  -0.192439740544391E-05  0.220991451043681E-05 -0.342974992973086E-06
  t     =   0.209466463141329E+03  0.309753502577061E+03  0.222723015044185E+08
      ps=   0.993363309389545E+05  0.100458052732400E+06  0.345600004296139E+09
      M =   0.101976716676049E+05 kg/m^2  0.100000000000000E+06 mb     
 nstep=        1800  time=   7.50000000000000       [day]
  u     =  -0.486789158502530E-01  0.355998560788341E+02  0.142093774194485E+07
  v     =  -0.787348598708275E+01  0.787513329985370E+01  0.125814324632947E+03
  omega =  -0.233965229594505E-05  0.218463372069897E-05  0.564728591212625E-04
  t     =   0.209470736644639E+03  0.309754184583560E+03  0.222722239989483E+08
      ps=   0.992061241720820E+05  0.100536132275458E+06  0.345600618878569E+09
      M =   0.101976716676049E+05 kg/m^2  0.100000000000000E+06 mb     
 nstep=        1860  time=   7.75000000000000       [day]
  u     =  -0.616464252738868E-01  0.356807362823745E+02  0.142111632243323E+07
  v     =  -0.883957323278161E+01  0.954247999821707E+01 -0.973929414187831E+01
  omega =  -0.210781132070372E-05  0.198948392868540E-05  0.186958046841922E-04
  t     =   0.209470030815425E+03  0.309754706157401E+03  0.222721149958980E+08
      ps=   0.990986458912999E+05  0.100597068729966E+06  0.345601697072961E+09
      M =   0.101976716676049E+05 kg/m^2  0.100000000000000E+06 mb     
 nstep=        1920  time=   8.00000000000000       [day]
  u     =  -0.507532239533322E-01  0.359015830245307E+02  0.142077159004602E+07
  v     =  -0.100776208255258E+02  0.120664654445666E+02 -0.263295794161680E+03
  omega =  -0.313228989596089E-05  0.315216953792001E-05  0.297451303226248E-04
  t     =   0.209475170547289E+03  0.309756689088406E+03  0.222720188150168E+08
      ps=   0.990686359423510E+05  0.100713906747977E+06  0.345602775453773E+09
      M =   0.101976716676049E+05 kg/m^2  0.100000000000000E+06 mb     
 nstep=        1980  time=   8.25000000000000       [day]
  u     =  -0.361761562335284E-01  0.360369105402926E+02  0.142089915817501E+07
  v     =  -0.109667682613102E+02  0.125206019249927E+02  0.219745699310053E+03
  omega =  -0.342744771061782E-05  0.351303296564919E-05  0.165467820321075E-05
  t     =   0.209465416739575E+03  0.309761806430418E+03  0.222719892414042E+08
      ps=   0.987601726010699E+05  0.100835117760297E+06  0.345602498223700E+09
      M =   0.101976716676049E+05 kg/m^2  0.100000000000000E+06 mb     
 nstep=        2040  time=   8.50000000000000       [day]
  u     =  -0.554892016705187E-01  0.363522695122933E+02  0.142064233875231E+07
  v     =  -0.117764071362872E+02  0.132924502442031E+02  0.189252303126057E+03
  omega =  -0.414455442121794E-05  0.316003505889646E-05  0.432803399263739E-04
  t     =   0.209477814866012E+03  0.309761448013558E+03  0.222719594954303E+08
      ps=   0.984146281167906E+05  0.100970731464719E+06  0.345601780369606E+09
      M =   0.101976716676049E+05 kg/m^2  0.100000000000000E+06 mb     
 nstep=        2100  time=   8.75000000000000       [day]
  u     =  -0.511029462144952E+00  0.368165439759578E+02  0.142063431091991E+07
  v     =  -0.126679542424994E+02  0.181020384559773E+02 -0.195627225399089E+03
  omega =  -0.415659314895403E-05  0.344370123941202E-05  0.884760959397865E-04
  t     =   0.209468025641135E+03  0.309764660837427E+03  0.222717842650429E+08
      ps=   0.983234773731356E+05  0.101092126234815E+06  0.345602557374795E+09
      M =   0.101976716676049E+05 kg/m^2  0.100000000000000E+06 mb     
 nstep=        2160  time=   9.00000000000000       [day]
  u     =  -0.195735374156447E+01  0.370795176161213E+02  0.142108751218565E+07
  v     =  -0.165408662797111E+02  0.228995463379559E+02  0.145660781973451E+03
  omega =  -0.496387330091546E-05  0.424562634399776E-05  0.479744470556440E-05
  t     =   0.209459466580483E+03  0.309761658520257E+03  0.222715300442603E+08
      ps=   0.978756121917237E+05  0.101261312580579E+06  0.345604597700051E+09
      M =   0.101976716676049E+05 kg/m^2  0.100000000000000E+06 mb     
   vform =
   vfile_mid=
   vfile_int=
 Reference element projection: cubed_sphere_map=           0
 readnl: accum         =           -1         200        1200
 readnl: topology      = cube
 readnl: test_case     = jw_baroclinic
 readnl: sub_case      =            1
 readnl: ndays         =            0
 readnl: nmax          =            3
 readnl: qsize,qsize_d =            1           4
 readnl: ntrac,ntrac_d =            0           4
 readnl: NThreads      =            1
 readnl: ne,np         =            6           4
 readnl: partmethod    =            4
 readnl: nmpi_per_node =           24
 readnl: multilevel    =            1
 readnl: useframes     =            0
 readnl: nnodes        =            1
 readnl: npart         =           24
 readnl: test_cfldep   =  F
 readnl: integration   = explicit
 readnl: LF-trapazoidal freq=            0
 readnl: tracer_advection_formulation  =            1
 readnl: tstep_type    =            0
 readnl: vert_remap_q_alg  =            0
 readnl: tstep          =    30.0000000000000     
 readnl: ftype          =            0
 readnl: limiter_option =            8
 filter: smooth         =   0.000000000000000E+000
 readnl: qsplit        =            1
 readnl: vertical remap frequency rsplit (0=disabled):            0
 readnl: physics       =            0
 readnl: energy_fixer  =            0
 readnl: runtype       =            2
 weak form hyper viscsosity subcycle, tracer subcycle =            1           1
 Equivalent ne in fine region =           -1
viscosity:  nu (vor/div) =  0.40E+17 0.40E+17
viscosity:  nu_s      =  0.40E+17
viscosity:  nu_q      =  0.40E+17
viscosity:  nu_p      =  0.00E+00
viscosity:  nu_top      =  0.00E+00
 cooling:  cool_ampl             =   0.000000000000000E+000
 cooling:  cool_min              =   0.000000000000000E+000
 cooling:  cool_max              =   0.000000000000000E+000
 moisture: qv_flag               =            0
 moisture: qv_pert_flag          =            0
 moisture: qv_pert_ampl          =   0.000000000000000E+000
 moisture: qv_pert_zmin          =   0.000000000000000E+000
 moisture: qv_pert_zmax          =   0.000000000000000E+000
 surface:  isrf_forc             =            0
 surface:  h_dis                 =   0.000000000000000E+000
 surface:  Cdrag                 =   0.000000000000000E+000
 surface:  wstar                 =   0.000000000000000E+000
 surface:  tsurf                 =   0.000000000000000E+000
 surface:  qsurf                 =   0.000000000000000E+000
 wind:     u0                    =   0.000000000000000E+000
 absorber: zabsampl              =   0.000000000000000E+000
 absorber: zabsmid               =   0.000000000000000E+000
 absorber: zabsmin               =   0.000000000000000E+000
 noise   : noisef  0 off,  >0 on =            0
   analysis: output_prefix = 
   analysis: io_stride =            1
   analysis: num_io_procs =           24
  analysis interpolation =  T T T T T T T T
  analysis interp nlat =           48
  analysis interp nlon =           96
  analysis interp gridtype =            2
  analysis interpolation type =            0
  total simulated time =    90.0000000000000     
 ============================================
 ============================================
 ============================================
 sum of Gaussian weights=   2.00000000000000     
 ============================================
 ============================================
 ============================================
 ============================================
 sum of Gauss-Lobatto weights=   2.00000000000000     
 ============================================
 re-initializing cube elements: area correction= 0.99999999160041930
component   1 length= 2496 displacement=      0
component   2 length= 1248 displacement=  19968
component   3 length=   48 displacement=  29952
component   4 length=   48 displacement=  30336
component   5 length=   16 displacement=  30720
component   6 length= 1664 displacement=  30848
component   7 length= 3328 displacement=  44160
component   8 length= 1248 displacement=  70784
 Main:NThreads=           1
 Main:n_domains =            1
Average equatorial node spacing (deg, km) =  5.000  556.41
dx for CFL (smallest scale per elem): ave,min,max =   427.72  370.94  521.48
dx for hypervis (largest scale per elem): ave,min,max =   579.85  557.66  642.49
dx based on sqrt element area: ave,min,max =   512.63  491.80  550.28
CFL estimates in terms of S=time step stability region
(i.e. advection w/leapfrog: S=1, viscosity w/forward Euler: S=2)
 nstep=           0  time=  0.000000000000000E+000  [day]
dt_remap: (0=disabled)        0.00
  u     =  -0.195735374156447E+01  0.370795176161213E+02  0.142108751218565E+07
  v     =  -0.165408662797111E+02  0.228995463379559E+02  0.145660781973451E+03
  omega =   0.000000000000000E+00  0.000000000000000E+00  0.000000000000000E+00
  t     =   0.209459466580483E+03  0.309761658520257E+03  0.222715300442603E+08
      ps=   0.978756121917237E+05  0.101261312580579E+06  0.345604597700051E+09
      M =   0.101976716676049E+05 kg/m^2  0.100000000000000E+06 mb     
 nstep=           1  time=  3.472222222222222E-004  [day]
  u     =  -0.195856503794942E+01  0.370798323858065E+02  0.142108723192382E+07
  v     =  -0.165424381345029E+02  0.229147118166431E+02  0.146463441219276E+03
  omega =  -0.498208458129908E-05  0.426753663636791E-05  0.521185183583989E-05
  t     =   0.209459544526769E+03  0.309761641163210E+03  0.222715296451178E+08
      ps=   0.978753506302336E+05  0.101261505313451E+06  0.345604601833997E+09
      M =   0.101976716676049E+05 kg/m^2  0.100000000000000E+06 mb     
 nstep=           2  time=  6.944444444444445E-004  [day]
  u     =  -0.195976866589879E+01  0.370801457954550E+02  0.142108694798717E+07
  v     =  -0.165439809293917E+02  0.229298088328725E+02  0.147265718379318E+03
  omega =  -0.498020486705103E-05  0.426504971124731E-05  0.521268363347736E-05
  t     =   0.209459622956827E+03  0.309761623761475E+03  0.222715292470223E+08
      ps=   0.978750862752005E+05  0.101261696286268E+06  0.345604605970855E+09
      M =   0.101976716676049E+05 kg/m^2  0.100000000000000E+06 mb     
 nstep=           3  time=  1.041666666666667E-003  [day]
  u     =  -0.196096869766091E+01  0.370804578493433E+02  0.142108665887275E+07
  v     =  -0.165455150360780E+02  0.229449122674492E+02  0.148066234019266E+03
  omega =  -0.498128543657203E-05  0.426712579367459E-05  0.522563636601831E-05
  t     =   0.209459701868344E+03  0.309761606345799E+03  0.222715288483929E+08
      ps=   0.978748272820186E+05  0.101261887327200E+06  0.345604610110127E+09
      M =   0.101976716676049E+05 kg/m^2  0.100000000000000E+06 mb     
