 Reference element projection: cubed_sphere_map=           0
 readnl: accum         =          100         300         600
 readnl: topology      = cube
 readnl: test_case     = swtc1
 readnl: sub_case      =            1
 readnl: ndays         =           12
 readnl: nmax          =        10368
 readnl: qsize,qsize_d =            0           4
 readnl: ntrac,ntrac_d =            0           4
 readnl: NThreads      =            1
 readnl: ne,np         =           10           6
 readnl: partmethod    =            4
 readnl: nmpi_per_node =           16
 readnl: multilevel    =            1
 readnl: useframes     =            0
 readnl: nnodes        =            1
 readnl: npart         =           16
 readnl: test_cfldep   =  F
 readnl: integration   = explicit
 readnl: LF-trapazoidal freq=            0
 readnl: tracer_advection_formulation  =            1
 readnl: tstep_type    =            0
 readnl: vert_remap_q_alg  =            0
 readnl: tstep          =    100.000000000000     
 readnl: ftype          =            0
 readnl: limiter_option =            0
 filter: smooth         =   5.000000000000000E-002
 readnl: qsplit        =            1
 readnl: vertical remap frequency rsplit (0=disabled):            0
 readnl: physics       =            0
 readnl: energy_fixer  =            0
 readnl: runtype       =            0
 Equivalent ne in fine region =           -1
viscosity:  nu (vor/div) =  0.00E+00 0.00E+00
viscosity:  nu_s      =  0.00E+00
viscosity:  nu_q      =  0.00E+00
viscosity:  nu_p      =  0.00E+00
viscosity:  nu_top      =  0.00E+00
 filter: viscosity (mu)  =   5.000000000000000E-002
 filter: frequency       =            1
 filter_advection: viscosity (mu)  =   5.000000000000000E-002
 filter_advection: frequency       =            0
 filter: transfer_type   = bv      
      filter: order     (p)   =    12.0000000000000     
      filter: lag coeff (s)   =   0.666666666666667     
   analysis: output_prefix = 
   analysis: io_stride =            1
   analysis: num_io_procs =           16
  analysis interpolation =  T T T T T T T T
  analysis interp nlat =          360
  analysis interp nlon =          720
  analysis interp gridtype =            2
  analysis interpolation type =            0
 dg: riemanntype=           0
 dg: alphatype=           4
 dg: alpha    =  0.785398163397448     
 dg: staqge_rk=           3
  total simulated time =    1036800.00000000     
 ============================================
 ============================================
 ============================================
 sum of Gaussian weights=   2.00000000000000     
 ============================================
 ============================================
 ============================================
 ============================================
 sum of Gauss-Lobatto weights=   2.00000000000000     
 ============================================
 Main:NThreads=           1
Average equatorial node spacing (deg, km) =  1.800  200.31
dx for CFL (smallest scale per elem): ave,min,max =   159.27  133.54  195.52
dx for hypervis (largest scale per elem): ave,min,max =   206.43  200.37  231.30
dx based on sqrt element area: ave,min,max =   184.55  174.67  199.50
 transfer function type in seam=bv      
 filter type            in seam=taylor  
  0.00 days  l1,l2,linf=  0.0000000E+00  0.0000000E+00  0.0000000E+00
 writing coordinates to ios=           1
           0 time=  0.000000000000000E+000  days
  u=   -0.258879930568702E+01   0.258879930568702E+01   0.260390524583723E+05
  v=   -0.266952728786318E+01   0.266952728786318E+01   0.732747196252603E-13
 ht=    0.000000000000000E+00   0.100000000000000E+04   0.152648791939902E+06
  0.00 days  l1,l2,linf=  0.3864110E-02  0.3432867E-02  0.2818575E-02
           1 time=  1.157407407407407E-003  days
  u=    0.000000000000000E+00   0.000000000000000E+00   0.000000000000000E+00
  v=    0.000000000000000E+00   0.000000000000000E+00   0.000000000000000E+00
 ht=    0.000000000000000E+00   0.100000000000000E+04   0.152648791939902E+06
  1.00 days  l1,l2,linf=  0.1956837E+01  0.1408609E+01  0.1005388E+01
         864 time=   1.00000000000000       days
  u=   -0.258879930568702E+01   0.258879930568702E+01   0.260390524583723E+05
  v=   -0.266952728786318E+01   0.266952728786318E+01   0.732747196252603E-13
 ht=   -0.242371411458713E+01   0.995083801003878E+03   0.152856598481855E+06
  2.00 days  l1,l2,linf=  0.2001219E+01  0.1414798E+01  0.1001402E+01
        1728 time=   2.00000000000000       days
  u=   -0.258879930568702E+01   0.258879930568702E+01   0.260390524583723E+05
  v=   -0.266952728786318E+01   0.266952728786318E+01   0.732747196252603E-13
 ht=   -0.262847733373126E+01   0.100140062264109E+04   0.153326164108143E+06
  3.00 days  l1,l2,linf=  0.2001724E+01  0.1415519E+01  0.1000000E+01
        2592 time=   3.00000000000000       days
  u=   -0.258879930568702E+01   0.258879930568702E+01   0.260390524583723E+05
  v=   -0.266952728786318E+01   0.266952728786318E+01   0.732747196252603E-13
 ht=   -0.221969268615499E+01   0.996523441116825E+03   0.153990961869247E+06
  4.00 days  l1,l2,linf=  0.2001577E+01  0.1416512E+01  0.1000000E+01
        3456 time=   4.00000000000000       days
  u=   -0.258879930568702E+01   0.258879930568702E+01   0.260390524583723E+05
  v=   -0.266952728786318E+01   0.266952728786318E+01   0.732747196252603E-13
 ht=   -0.248809445400583E+01   0.994351917226178E+03   0.154763331482386E+06
  5.00 days  l1,l2,linf=  0.2001935E+01  0.1417759E+01  0.1018704E+01
        4320 time=   5.00000000000000       days
  u=   -0.258879930568702E+01   0.258879930568702E+01   0.260390524583723E+05
  v=   -0.266952728786318E+01   0.266952728786318E+01   0.732747196252603E-13
 ht=   -0.237505319292802E+01   0.100826382702796E+04   0.155752247993990E+06
  6.00 days  l1,l2,linf=  0.2001783E+01  0.1419240E+01  0.1014318E+01
        5184 time=   6.00000000000000       days
  u=   -0.258879930568702E+01   0.258879930568702E+01   0.260390524583723E+05
  v=   -0.266952728786318E+01   0.266952728786318E+01   0.732747196252603E-13
 ht=   -0.188005197372273E+01   0.101431812123378E+04   0.157074484419036E+06
  7.00 days  l1,l2,linf=  0.2001902E+01  0.1420927E+01  0.1026753E+01
        6048 time=   7.00000000000000       days
  u=   -0.258879930568702E+01   0.258879930568702E+01   0.260390524583723E+05
  v=   -0.266952728786318E+01   0.266952728786318E+01   0.732747196252603E-13
 ht=   -0.182236417737970E+01   0.101623030717923E+04   0.158790892816228E+06
  8.00 days  l1,l2,linf=  0.2002002E+01  0.1422794E+01  0.1012181E+01
        6912 time=   8.00000000000000       days
  u=   -0.258879930568702E+01   0.258879930568702E+01   0.260390524583723E+05
  v=   -0.266952728786318E+01   0.266952728786318E+01   0.732747196252603E-13
 ht=   -0.205272628362675E+01   0.101217972979955E+04   0.160722402067839E+06
  9.00 days  l1,l2,linf=  0.2002178E+01  0.1424807E+01  0.1027767E+01
        7776 time=   9.00000000000000       days
  u=   -0.258879930568702E+01   0.258879930568702E+01   0.260390524583723E+05
  v=   -0.266952728786318E+01   0.266952728786318E+01   0.732747196252603E-13
 ht=   -0.309594798967189E+01   0.102776720053671E+04   0.162565700465722E+06
 10.00 days  l1,l2,linf=  0.2002394E+01  0.1426933E+01  0.1034032E+01
        8640 time=   10.0000000000000       days
  u=   -0.258879930568702E+01   0.258879930568702E+01   0.260390524583723E+05
  v=   -0.266952728786318E+01   0.266952728786318E+01   0.732747196252603E-13
 ht=   -0.302068956685398E+01   0.103403044286740E+04   0.164420025442229E+06
 11.00 days  l1,l2,linf=  0.2002301E+01  0.1429135E+01  0.1054305E+01
        9504 time=   11.0000000000000       days
  u=   -0.258879930568702E+01   0.258879930568702E+01   0.260390524583723E+05
  v=   -0.266952728786318E+01   0.266952728786318E+01   0.732747196252603E-13
 ht=   -0.243061594937659E+01   0.104349993397182E+04   0.166585682601801E+06
 12.00 days  l1,l2,linf=  0.1961273E+01  0.1426390E+01  0.1048174E+01
       10368 time=   12.0000000000000       days
  u=   -0.258879930568702E+01   0.258879930568702E+01   0.260390524583723E+05
  v=   -0.266952728786318E+01   0.266952728786318E+01   0.732747196252603E-13
 ht=   -0.258804552124392E+01   0.104817409926877E+04   0.169204775911355E+06
