   vform =
   vfile_mid=
   vfile_int=
 Reference element projection: cubed_sphere_map=           0
 readnl: accum         =           -1         200        1200
 readnl: topology      = cube
 readnl: test_case     = baroclinic
 readnl: sub_case      =            1
 readnl: ndays         =           12
 readnl: nmax          =        17280
 readnl: qsize,qsize_d =            0           4
 readnl: ntrac,ntrac_d =            0           4
 readnl: NThreads      =            1
 readnl: ne,np         =            9           8
 readnl: partmethod    =            4
 readnl: nmpi_per_node =           24
 readnl: multilevel    =            1
 readnl: useframes     =            0
 readnl: nnodes        =            1
 readnl: npart         =           24
 readnl: test_cfldep   =  F
 readnl: integration   = explicit
 readnl: LF-trapazoidal freq=            0
 readnl: tracer_advection_formulation  =            0
 readnl: tstep_type    =            0
 readnl: vert_remap_q_alg  =            0
 readnl: tstep          =    60.0000000000000     
 readnl: ftype          =            0
 readnl: limiter_option =            0
 filter: smooth         =   5.000000000000000E-002
 readnl: qsplit        =            1
 readnl: vertical remap frequency rsplit (0=disabled):            0
 readnl: physics       =            0
 readnl: energy_fixer  =            0
 readnl: runtype       =            0
 weak form viscsosity subcycle, tracer subcycle =            1           1
 Equivalent ne in fine region =           -1
viscosity:  nu (vor/div) =  0.70E+06 0.70E+06
viscosity:  nu_s      =  0.70E+06
viscosity:  nu_q      =  0.70E+06
viscosity:  nu_p      =  0.00E+00
viscosity:  nu_top      =  0.00E+00
 cooling:  cool_ampl             =   0.000000000000000E+000
 cooling:  cool_min              =   0.000000000000000E+000
 cooling:  cool_max              =   0.000000000000000E+000
 moisture: qv_flag               =            0
 moisture: qv_pert_flag          =            0
 moisture: qv_pert_ampl          =   0.000000000000000E+000
 moisture: qv_pert_zmin          =   0.000000000000000E+000
 moisture: qv_pert_zmax          =   0.000000000000000E+000
 surface:  isrf_forc             =            0
 surface:  h_dis                 =   0.000000000000000E+000
 surface:  Cdrag                 =   0.000000000000000E+000
 surface:  wstar                 =   0.000000000000000E+000
 surface:  tsurf                 =   0.000000000000000E+000
 surface:  qsurf                 =   0.000000000000000E+000
 wind:     u0                    =   0.000000000000000E+000
 absorber: zabsampl              =   0.000000000000000E+000
 absorber: zabsmid               =   0.000000000000000E+000
 absorber: zabsmin               =   0.000000000000000E+000
 noise   : noisef  0 off,  >0 on =            0
   analysis: output_prefix = 
   analysis: io_stride =            8
   analysis: num_io_procs =            3
  analysis interpolation =  T T T T T T T T
  analysis interp nlat =          192
  analysis interp nlon =          384
  analysis interp gridtype =            2
  analysis interpolation type =            0
  total simulated time =    1036800.00000000     
 ============================================
 ============================================
 ============================================
 sum of Gaussian weights=   2.00000000000000     
 ============================================
 ============================================
 ============================================
 ============================================
 sum of Gauss-Lobatto weights=   2.00000000000000     
 ============================================
 re-initializing cube elements: area correction= 0.99999999999999989
 Main:NThreads=           1
 Main:n_domains =            1
Average equatorial node spacing (deg, km) =  1.429  158.97
dx for CFL (smallest scale per elem): ave,min,max =   125.77  105.98  157.78
dx for hypervis (largest scale per elem): ave,min,max =   164.08  158.98  183.57
dx based on sqrt element area: ave,min,max =   146.47  139.07  158.77
CFL estimates in terms of S=time step stability region
(i.e. advection w/leapfrog: S=1, viscosity w/forward Euler: S=2)
 nstep=           0  time=  0.000000000000000E+000  [day]
dt_remap: (0=disabled)        0.00
  u     =   0.000000000000000E+00  0.452609722936131E+02  0.233095950027031E+07
  v     =   0.000000000000000E+00  0.000000000000000E+00  0.000000000000000E+00
  omega =   0.000000000000000E+00  0.000000000000000E+00  0.000000000000000E+00
  t     =   0.206599778905546E+03  0.292469154158466E+03  0.156432589246729E+09
      ps=   0.100000000000000E+06  0.100000000000000E+06  0.311040000000000E+10
      M =   0.101976716676049E+05 kg/m^2  0.100000000000000E+06 mb     
  2-norm relative vorticity =    0.212824922581143E-06
 writing coordinates to ios=           1
 nstep=           2  time=  1.388888888888889E-003  [day]
  u     =  -0.254957702321518E-03  0.452880148088833E+02  0.233093764822478E+07
  v     =  -0.151888389354610E+00  0.712285402719236E-01 -0.456379460528052E+03
  omega =  -0.179763819958605E-06  0.402957377246839E-07 -0.256472527902470E-04
  t     =   0.206599778709765E+03  0.292469154046112E+03  0.156432587633059E+09
      ps=   0.999994486335308E+05  0.100000087689831E+06  0.311039999022158E+10
      M =   0.101976716676049E+05 kg/m^2  0.100000000000000E+06 mb     
  2-norm relative vorticity =    0.212805485904600E-06
 nstep=        1440  time=   1.00000000000000       [day]
  u     =  -0.145062884782552E+01  0.434052969598357E+02  0.234027665275772E+07
  v     =  -0.155507618420345E+01  0.178211418996391E+01 -0.408939015045755E+05
  omega =  -0.305350784872857E-05  0.802307188654860E-06  0.150483708708100E-02
  t     =   0.206387156508575E+03  0.292551133343501E+03  0.156431147694069E+09
      ps=   0.998589877941511E+05  0.100100925233594E+06  0.311042142965780E+10
      M =   0.101976716676048E+05 kg/m^2  0.999999999999998E+05 mb     
  2-norm relative vorticity =    0.295656806603446E-06
 nstep=        2880  time=   2.00000000000000       [day]
  u     =  -0.870320201120965E+00  0.414713165560717E+02  0.230432612746908E+07
  v     =  -0.151914463246239E+01  0.169867531869410E+01 -0.206308535193623E+05
  omega =  -0.942578359913148E-06  0.132215653788069E-05  0.106361887763598E-02
  t     =   0.206412140129940E+03  0.292539020678885E+03  0.156431069606047E+09
      ps=   0.998220498025898E+05  0.100086249009261E+06  0.311041495846745E+10
      M =   0.101976716676048E+05 kg/m^2  0.999999999999996E+05 mb     
  2-norm relative vorticity =    0.346914141488007E-06
 nstep=        4320  time=   3.00000000000000       [day]
  u     =  -0.189059605516907E+01  0.404920536318400E+02  0.230414596266604E+07
  v     =  -0.167467712580532E+01  0.180757013393471E+01  0.186966110141669E+05
  omega =  -0.822291105535935E-06  0.921275616351692E-06 -0.204140309548170E-02
  t     =   0.206424753324748E+03  0.292483489787045E+03  0.156430380547844E+09
      ps=   0.998473240687393E+05  0.100124956193175E+06  0.311043615681770E+10
      M =   0.101976716676048E+05 kg/m^2  0.999999999999995E+05 mb     
  2-norm relative vorticity =    0.440815608961723E-06
 nstep=        5760  time=   4.00000000000000       [day]
  u     =  -0.109486160711639E+01  0.391916692921418E+02  0.226411405978951E+07
  v     =  -0.228616036947938E+01  0.239657569680385E+01 -0.174184014903455E+03
  omega =  -0.706505111707266E-06  0.138867674764124E-05 -0.103483674087032E-02
  t     =   0.206523179135809E+03  0.292486977913475E+03  0.156429902474859E+09
      ps=   0.997637589143071E+05  0.100234160047869E+06  0.311044120214706E+10
      M =   0.101976716676048E+05 kg/m^2  0.999999999999993E+05 mb     
  2-norm relative vorticity =    0.574723078422681E-06
 nstep=        7200  time=   5.00000000000000       [day]
  u     =  -0.193878885511691E+01  0.378790437236673E+02  0.226288950099761E+07
  v     =  -0.321943460595434E+01  0.408830484868142E+01 -0.277925308337038E+05
  omega =  -0.950595365372197E-06  0.111096723244389E-05 -0.410362673746025E-03
  t     =   0.206405840918354E+03  0.292482146934756E+03  0.156428363894507E+09
      ps=   0.996036058988395E+05  0.100329825114350E+06  0.311046565187936E+10
      M =   0.101976716676048E+05 kg/m^2  0.999999999999991E+05 mb     
  2-norm relative vorticity =    0.819413515751310E-06
 nstep=        8640  time=   6.00000000000000       [day]
  u     =  -0.270085523202036E+01  0.369920921255259E+02  0.223903818425205E+07
  v     =  -0.511192865988328E+01  0.655199573689739E+01  0.183129266204857E+05
  omega =  -0.130005768426421E-05  0.926879807706719E-06  0.117529182433807E-02
  t     =   0.206394903124068E+03  0.292481519917985E+03  0.156428289412345E+09
      ps=   0.993349347495505E+05  0.100488508531499E+06  0.311044197899900E+10
      M =   0.101976716676047E+05 kg/m^2  0.999999999999989E+05 mb     
  2-norm relative vorticity =    0.124287071087505E-05
 nstep=       10080  time=   7.00000000000000       [day]
  u     =  -0.460337622717389E+01  0.364515981904285E+02  0.223967224643019E+07
  v     =  -0.768065128832295E+01  0.102145669943092E+02  0.617298505514035E+05
  omega =  -0.185754726881003E-05  0.158291695434582E-05 -0.339182014065179E-03
  t     =   0.206461026380815E+03  0.292466476840874E+03  0.156427974359790E+09
      ps=   0.990333525187733E+05  0.100776481995801E+06  0.311045522737187E+10
      M =   0.101976716676047E+05 kg/m^2  0.999999999999987E+05 mb     
  2-norm relative vorticity =    0.190472130650542E-05
 nstep=       11520  time=   8.00000000000000       [day]
  u     =  -0.763518232175273E+01  0.359351802022324E+02  0.222066858414304E+07
  v     =  -0.116277858151889E+02  0.143891007825267E+02  0.155508128811651E+04
  omega =  -0.266049034369784E-05  0.232417758871136E-05 -0.439236087542910E-04
  t     =   0.206562720521230E+03  0.292457564903316E+03  0.156426896989978E+09
      ps=   0.985721258299544E+05  0.101148473776623E+06  0.311047360436726E+10
      M =   0.101976716676047E+05 kg/m^2  0.999999999999986E+05 mb     
  2-norm relative vorticity =    0.287171005107963E-05
 nstep=       12960  time=   9.00000000000000       [day]
  u     =  -0.111885413259182E+02  0.358408553864482E+02  0.221989880290571E+07
  v     =  -0.160190363590718E+02  0.182852541703853E+02 -0.496797621509545E+05
  omega =  -0.317256554185215E-05  0.315897356897597E-05 -0.105221306738058E-02
  t     =   0.206600057852180E+03  0.292479142538806E+03  0.156424492972227E+09
      ps=   0.979484435746283E+05  0.101528160268518E+06  0.311051524114272E+10
      M =   0.101976716676047E+05 kg/m^2  0.999999999999984E+05 mb     
  2-norm relative vorticity =    0.415239264724387E-05
 nstep=       14400  time=   10.0000000000000       [day]
  u     =  -0.151679774653798E+02  0.364284126792426E+02  0.221197126270789E+07
  v     =  -0.191440450232148E+02  0.188367695714027E+02  0.405981706162964E+04
  omega =  -0.348894945537845E-05  0.375162322773152E-05  0.185459488781904E-02
  t     =   0.206594998620730E+03  0.292482268703177E+03  0.156421738435402E+09
      ps=   0.973654998765017E+05  0.101879231933192E+06  0.311054990001143E+10
      M =   0.101976716676047E+05 kg/m^2  0.999999999999982E+05 mb     
  2-norm relative vorticity =    0.561527631967847E-05
 nstep=       15840  time=   11.0000000000000       [day]
  u     =  -0.172390508564068E+02  0.368731724635583E+02  0.220043075673422E+07
  v     =  -0.219755192278465E+02  0.217428512271431E+02  0.341102608126992E+05
  omega =  -0.388892275113333E-05  0.398975276113744E-05  0.264307579708448E-03
  t     =   0.206373678613883E+03  0.292463151193227E+03  0.156418946742554E+09
      ps=   0.969208052307188E+05  0.102213257605298E+06  0.311059513279407E+10
      M =   0.101976716676047E+05 kg/m^2  0.999999999999980E+05 mb     
  2-norm relative vorticity =    0.702710669475324E-05
 nstep=       17280  time=   12.0000000000000       [day]
  u     =  -0.197565579072138E+02  0.373155544477024E+02  0.218610867337184E+07
  v     =  -0.249139369302987E+02  0.216224960646057E+02 -0.310818598261060E+05
  omega =  -0.368698009729282E-05  0.443276648561737E-05  0.711838785916151E-03
  t     =   0.206264429640714E+03  0.292482015013790E+03  0.156414503399368E+09
      ps=   0.963230312701438E+05  0.102412334692262E+06  0.311068640098982E+10
      M =   0.101976716676046E+05 kg/m^2  0.999999999999978E+05 mb     
  2-norm relative vorticity =    0.803109363072001E-05
