 HYPERVIS order =            0
   vform =
   vfile_mid=
   vfile_int=
 Reference element projection: cubed_sphere_map=           0
 readnl: accum         =           -1         200        1200
 readnl: topology      = cube
 readnl: test_case     = baroclinic
 readnl: sub_case      =            1
 readnl: ndays         =           12
 readnl: nmax          =         1728
 readnl: qsize,qsize_d =            0           4
 readnl: ntrac,ntrac_d =            0           4
 readnl: NThreads      =            1
 readnl: ne,np         =            9           8
 readnl: partmethod    =            4
 readnl: nmpi_per_node =           24
 readnl: multilevel    =            1
 readnl: useframes     =            0
 readnl: nnodes        =            1
 readnl: npart         =           24
 readnl: test_cfldep   =  F
 readnl: integration   = semi_imp
 readnl: tracer_advection_formulation  =            1
 readnl: tstep_type    =            0
 readnl: vert_remap_q_alg  =            0
 readnl: tstep          =    600.000000000000     
 readnl: ftype          =            0
 readnl: limiter_option =            0
 filter: smooth         =   5.000000000000000E-002
 readnl: qsplit        =            1
 readnl: vertical remap frequency rsplit (0=disabled):            0
 readnl: physics       =            0
 readnl: energy_fixer  =            0
 readnl: runtype       =            0
 solver: precon_method  = 
 solver: max iterations =           50
 solver: tolerance      =   1.000000000000000E-007
 solver: debug_level    =            0
 Equivalent ne in fine region =           -1
viscosity:  nu (vor/div) =  0.70E+06 0.70E+06
viscosity:  nu_s      =  0.70E+06
viscosity:  nu_q      =  0.70E+06
viscosity:  nu_p      =  0.00E+00
viscosity:  nu_top      =  0.00E+00
 cooling:  cool_ampl             =   0.000000000000000E+000
 cooling:  cool_min              =   0.000000000000000E+000
 cooling:  cool_max              =   0.000000000000000E+000
 moisture: qv_flag               =            0
 moisture: qv_pert_flag          =            0
 moisture: qv_pert_ampl          =   0.000000000000000E+000
 moisture: qv_pert_zmin          =   0.000000000000000E+000
 moisture: qv_pert_zmax          =   0.000000000000000E+000
 surface:  isrf_forc             =            0
 surface:  h_dis                 =   0.000000000000000E+000
 surface:  Cdrag                 =   0.000000000000000E+000
 surface:  wstar                 =   0.000000000000000E+000
 surface:  tsurf                 =   0.000000000000000E+000
 surface:  qsurf                 =   0.000000000000000E+000
 wind:     u0                    =   0.000000000000000E+000
 absorber: zabsampl              =   0.000000000000000E+000
 absorber: zabsmid               =   0.000000000000000E+000
 absorber: zabsmin               =   0.000000000000000E+000
 noise   : noisef  0 off,  >0 on =            0
   analysis: output_prefix = 
   analysis: io_stride =            8
   analysis: num_io_procs =            3
  analysis interpolation =  F F F F F F F F
  total simulated time =    1036800.00000000     
 ============================================
 ============================================
 ============================================
 sum of Gaussian weights=   2.00000000000000     
 ============================================
 ============================================
 ============================================
 ============================================
 sum of Gauss-Lobatto weights=   2.00000000000000     
 ============================================
 re-initializing cube elements: area correction= 0.99999999999999989
 Main:NThreads=           1
 Main:n_domains =            1
Average equatorial node spacing (deg, km) =  1.429  158.97
dx for CFL (smallest scale per elem): ave,min,max =   125.77  105.98  157.78
dx for hypervis (largest scale per elem): ave,min,max =   164.08  158.98  183.57
dx based on sqrt element area: ave,min,max =   146.47  139.07  158.77
CFL estimates in terms of S=time step stability region
(i.e. advection w/leapfrog: S=1, viscosity w/forward Euler: S=2)
 nstep=           0  time=  0.000000000000000E+000  [day]
dt_remap: (0=disabled)        0.00
  u     =   0.000000000000000E+00  0.452609722936131E+02  0.233095950027031E+07
  v     =   0.000000000000000E+00  0.000000000000000E+00  0.000000000000000E+00
  omega =   0.000000000000000E+00  0.000000000000000E+00  0.000000000000000E+00
  t     =   0.206599778905546E+03  0.292469154158466E+03  0.156432589246729E+09
      ps=   0.100000000000000E+06  0.100000000000000E+06  0.311040000000000E+10
      M =   0.101976716676049E+05 kg/m^2  0.100000000000000E+06 mb     
  2-norm relative vorticity =    0.212824922581143E-06
 Setting mpi info: cb_nodes=1
 writing coordinates ios=           1
 done writing coordinates ios=           1
 Initializing semi-implicit matricies for dt=   150.000000000000     
 REFERENCE TEMPERATURES FOR SEMI-IMPLICIT SCHEME = 
 GRAVITY WAVE PHASE SPEEDS (M/S) FOR MEAN STATE = 
 GRAVITY WAVE EQUIVALENT DEPTHS (M) FOR MEAN STATE = 
 Initializing semi-implicit matricies for dt=   300.000000000000     
 REFERENCE TEMPERATURES FOR SEMI-IMPLICIT SCHEME = 
 GRAVITY WAVE PHASE SPEEDS (M/S) FOR MEAN STATE = 
 GRAVITY WAVE EQUIVALENT DEPTHS (M) FOR MEAN STATE = 
 nstep=           2  time=  1.388888888888889E-002  [day]
 cg its=           4
  u     =  -0.132956077428692E-02  0.453931001133773E+02  0.233080386663584E+07
  v     =  -0.727161038815661E+00  0.339042528583578E+00 -0.221783962782908E+04
  omega =  -0.887584232855453E-06  0.200109260842298E-06 -0.125170793966563E-03
  t     =   0.206599760693771E+03  0.292469192645146E+03  0.156432575896689E+09
      ps=   0.999998330471008E+05  0.100000026728402E+06  0.311039999706268E+10
      M =   0.101976716676049E+05 kg/m^2  0.100000000000000E+06 mb     
  2-norm relative vorticity =    0.212730276434035E-06
 Initializing semi-implicit matricies for dt=   600.000000000000     
 REFERENCE TEMPERATURES FOR SEMI-IMPLICIT SCHEME = 
 GRAVITY WAVE PHASE SPEEDS (M/S) FOR MEAN STATE = 
 GRAVITY WAVE EQUIVALENT DEPTHS (M) FOR MEAN STATE = 
 nstep=           2  time=  1.388888888888889E-002  [day]
 cg its=          13
  u     =  -0.252443150579389E-02  0.455090895309563E+02  0.233053055489671E+07
  v     =  -0.138363548303068E+01  0.635226385669088E+00 -0.439974364485039E+04
  omega =  -0.173033236984443E-05  0.395794117339276E-06 -0.238835399736734E-03
  t     =   0.206599719353588E+03  0.292469363647694E+03  0.156432551685579E+09
      ps=   0.999963529760366E+05  0.100000585492615E+06  0.311039993602413E+10
      M =   0.101976716676157E+05 kg/m^2  0.100000000000107E+06 mb     
  2-norm relative vorticity =    0.212647194654038E-06
 nstep=         144  time=   1.00000000000000       [day]
 cg its=          15
  u     =  -0.148115195296211E+01  0.433414083021804E+02  0.233997111704855E+07
  v     =  -0.154347363084941E+01  0.170697789697389E+01 -0.411834113302441E+05
  omega =  -0.174570821286797E-05  0.731980434933223E-06  0.126011980486689E-02
  t     =   0.206385544950931E+03  0.292549623488540E+03  0.156431140730209E+09
      ps=   0.998679438992572E+05  0.100099153655156E+06  0.311042443485141E+10
      M =   0.101976714846567E+05 kg/m^2  0.999999982059816E+05 mb     
  2-norm relative vorticity =    0.288215596131342E-06
 nstep=         288  time=   2.00000000000000       [day]
 cg its=          16
  u     =  -0.866768052140239E+00  0.413909942230563E+02  0.230515857481866E+07
  v     =  -0.143953266695846E+01  0.160596321306171E+01 -0.206098266949729E+05
  omega =  -0.110510117696330E-05  0.861712305425109E-06  0.118533692876792E-02
  t     =   0.206398355361301E+03  0.292517289609233E+03  0.156431091197489E+09
      ps=   0.998251084325209E+05  0.100055411010035E+06  0.311041953829822E+10
      M =   0.101976713136080E+05 kg/m^2  0.999999965286505E+05 mb     
  2-norm relative vorticity =    0.334688846224599E-06
 nstep=         432  time=   3.00000000000000       [day]
 cg its=          16
  u     =  -0.173890426181697E+01  0.402566622087315E+02  0.230471514465118E+07
  v     =  -0.162196238136310E+01  0.171170194226567E+01  0.214228383177421E+05
  omega =  -0.701999529948898E-06  0.739077262598955E-06 -0.189448657619534E-02
  t     =   0.206430436530855E+03  0.292484479131576E+03  0.156430559056810E+09
      ps=   0.998430870267162E+05  0.100128902489583E+06  0.311044349900919E+10
      M =   0.101976711798809E+05 kg/m^2  0.999999952173006E+05 mb     
  2-norm relative vorticity =    0.425955755644015E-06
 nstep=         576  time=   4.00000000000000       [day]
 cg its=          17
  u     =  -0.109316747812174E+01  0.389859507609612E+02  0.226709599061241E+07
  v     =  -0.227206071919705E+01  0.237698990857078E+01  0.781965705417917E+03
  omega =  -0.583071802175010E-06  0.868925329991715E-06 -0.812482030992419E-03
  t     =   0.206502738055668E+03  0.292471044567337E+03  0.156430062177780E+09
      ps=   0.997884560279719E+05  0.100244373268537E+06  0.311044413313764E+10
      M =   0.101976710575362E+05 kg/m^2  0.999999940175689E+05 mb     
  2-norm relative vorticity =    0.558194491899748E-06
 nstep=         720  time=   5.00000000000000       [day]
 cg its=          17
  u     =  -0.187033259767765E+01  0.377370264035850E+02  0.226510816113624E+07
  v     =  -0.328144360832144E+01  0.395938355194783E+01 -0.276602193157409E+05
  omega =  -0.853269796126513E-06  0.907125777520035E-06 -0.696427065663210E-03
  t     =   0.206415879936960E+03  0.292465894598046E+03  0.156428649293232E+09
      ps=   0.996198527784756E+05  0.100355897217952E+06  0.311046768185732E+10
      M =   0.101976709424918E+05 kg/m^2  0.999999928894252E+05 mb     
  2-norm relative vorticity =    0.799608330833368E-06
 nstep=         864  time=   6.00000000000000       [day]
 cg its=          17
  u     =  -0.266678721310394E+01  0.367698773812354E+02  0.224172469932473E+07
  v     =  -0.504989467634618E+01  0.636634082098132E+01  0.192544706203667E+05
  omega =  -0.129837635175529E-05  0.944040948449818E-06  0.123435935156425E-02
  t     =   0.206405494846547E+03  0.292477392520676E+03  0.156428586181612E+09
      ps=   0.993904263355044E+05  0.100500895272926E+06  0.311045892051015E+10
      M =   0.101976708370687E+05 kg/m^2  0.999999918556296E+05 mb     
  2-norm relative vorticity =    0.121231879967567E-05
 nstep=        1008  time=   7.00000000000000       [day]
 cg its=          17
  u     =  -0.449711389742723E+01  0.362260302278533E+02  0.224010927350380E+07
  v     =  -0.748984292433954E+01  0.996360073254783E+01  0.577659698141690E+05
  omega =  -0.185551104001199E-05  0.151521445709167E-05 -0.581045462436374E-03
  t     =   0.206430642077504E+03  0.292459530959330E+03  0.156428183096082E+09
      ps=   0.990835163506723E+05  0.100786151341119E+06  0.311046423096153E+10
      M =   0.101976707407496E+05 kg/m^2  0.999999909111093E+05 mb     
  2-norm relative vorticity =    0.185364085876057E-05
 nstep=        1152  time=   8.00000000000000       [day]
 cg its=          18
  u     =  -0.742554219019749E+01  0.357159063365930E+02  0.222176118870292E+07
  v     =  -0.113680860679827E+02  0.141485476857579E+02 -0.242449095713025E+04
  omega =  -0.248393884386696E-05  0.231266412048067E-05  0.259610032645957E-03
  t     =   0.206481502603788E+03  0.292458844015372E+03  0.156427292124859E+09
      ps=   0.986431494346513E+05  0.101139516271759E+06  0.311048016785161E+10
      M =   0.101976706847090E+05 kg/m^2  0.999999903615656E+05 mb     
  2-norm relative vorticity =    0.279100984992252E-05
 nstep=        1296  time=   9.00000000000000       [day]
 cg its=          22
  u     =  -0.108434136750280E+02  0.356347438793249E+02  0.221678474155289E+07
  v     =  -0.156134252442831E+02  0.181235905870454E+02 -0.433197547864890E+05
  omega =  -0.308519890426669E-05  0.304035084200882E-05 -0.114804225853843E-02
  t     =   0.206546402732900E+03  0.292458745182556E+03  0.156425141620132E+09
      ps=   0.980144245049029E+05  0.101498399792055E+06  0.311051569982031E+10
      M =   0.101976709912858E+05 kg/m^2  0.999999933679075E+05 mb     
  2-norm relative vorticity =    0.403332733941277E-05
 nstep=        1440  time=   10.0000000000000       [day]
 cg its=          25
  u     =  -0.145051383752723E+02  0.362465079179915E+02  0.220483534753081E+07
  v     =  -0.189623418151682E+02  0.182726335204538E+02  0.561390297087131E+04
  omega =  -0.331338123642000E-05  0.368629286110515E-05  0.120927908724468E-02
  t     =   0.206536380409029E+03  0.292465989854520E+03  0.156422328489625E+09
      ps=   0.973961330577331E+05  0.101870124976396E+06  0.311055763034387E+10
      M =   0.101976707052704E+05 kg/m^2  0.999999905631945E+05 mb     
  2-norm relative vorticity =    0.546157728705881E-05
 nstep=        1584  time=   11.0000000000000       [day]
 cg its=          26
  u     =  -0.169740409665467E+02  0.366435790729931E+02  0.219000513302473E+07
  v     =  -0.213049912991536E+02  0.215787292087863E+02  0.266610627803453E+05
  omega =  -0.375750675098943E-05  0.377416357526263E-05 -0.380952686345695E-03
  t     =   0.206348350292699E+03  0.292457025787334E+03  0.156419375334100E+09
      ps=   0.969140176971174E+05  0.102175488363971E+06  0.311059713131315E+10
      M =   0.101976699797081E+05 kg/m^2  0.999999834482140E+05 mb     
  2-norm relative vorticity =    0.685677804776176E-05
 nstep=        1728  time=   12.0000000000000       [day]
 cg its=          23
  u     =  -0.187421256294201E+02  0.368608787003502E+02  0.217321324866860E+07
  v     =  -0.243851905972519E+02  0.214621463467071E+02 -0.247008138521209E+05
  omega =  -0.362259687258753E-05  0.431097249373986E-05  0.229358129766098E-04
  t     =   0.206187539428834E+03  0.292446038946635E+03  0.156415201034642E+09
      ps=   0.964164793622669E+05  0.102382401069787E+06  0.311069389342641E+10
      M =   0.101976730331175E+05 kg/m^2  0.100000013390436E+06 mb     
  2-norm relative vorticity =    0.788355261122028E-05
