 Reference element projection: cubed_sphere_map=           0
 readnl: accum         =          100         300         600
 readnl: topology      = cube
 readnl: test_case     = swtc5
 readnl: sub_case      =            1
 readnl: ndays         =           15
 readnl: nmax          =        43200
 readnl: qsize,qsize_d =            0           4
 readnl: ntrac,ntrac_d =            0           4
 readnl: NThreads      =            1
 readnl: ne,np         =            6           6
 readnl: partmethod    =            4
 readnl: nmpi_per_node =           16
 readnl: multilevel    =            1
 readnl: useframes     =            0
 readnl: nnodes        =            1
 readnl: npart         =           16
 readnl: test_cfldep   =  F
 readnl: integration   = explicit
 readnl: LF-trapazoidal freq=            0
 readnl: tracer_advection_formulation  =            1
 readnl: tstep_type    =            0
 readnl: vert_remap_q_alg  =            0
 readnl: tstep          =    30.0000000000000     
 readnl: ftype          =            0
 readnl: limiter_option =            0
 filter: smooth         =   5.000000000000000E-002
 readnl: qsplit        =            1
 readnl: vertical remap frequency rsplit (0=disabled):            0
 readnl: physics       =            0
 readnl: energy_fixer  =            0
 readnl: runtype       =            0
 Equivalent ne in fine region =           -1
viscosity:  nu (vor/div) =  0.70E+06 0.70E+06
viscosity:  nu_s      =  0.70E+06
viscosity:  nu_q      =  0.70E+06
viscosity:  nu_p      =  0.00E+00
viscosity:  nu_top      =  0.00E+00
 filter: viscosity (mu)  =   5.000000000000000E-002
 filter: frequency       =            1
 filter_advection: viscosity (mu)  =   5.000000000000000E-002
 filter_advection: frequency       =            0
 filter: transfer_type   = bv      
      filter: order     (p)   =    12.0000000000000     
      filter: lag coeff (s)   =   0.666666666666667     
   analysis: output_prefix = 
   analysis: io_stride =            1
   analysis: num_io_procs =           16
  analysis interpolation =  T T T T T T T T
  analysis interp nlat =          360
  analysis interp nlon =          720
  analysis interp gridtype =            2
  analysis interpolation type =            0
 dg: riemanntype=           0
 dg: alphatype=           0
 dg: alpha    =  0.000000000000000E+000
 dg: staqge_rk=           3
  total simulated time =    1296000.00000000     
 ============================================
 ============================================
 ============================================
 sum of Gaussian weights=   2.00000000000000     
 ============================================
 ============================================
 ============================================
 ============================================
 sum of Gauss-Lobatto weights=   2.00000000000000     
 ============================================
 Main:NThreads=           1
Average equatorial node spacing (deg, km) =  3.000  333.85
dx for CFL (smallest scale per elem): ave,min,max =   256.63  222.56  312.89
dx for hypervis (largest scale per elem): ave,min,max =   347.91  334.60  385.49
dx based on sqrt element area: ave,min,max =   307.58  295.08  330.17
 transfer function type in seam=bv      
 filter type            in seam=taylor  
  0.000000000000000E+000 mass          =  0.000000000000000E+000
  0.000000000000000E+000 total energy  =  0.000000000000000E+000
  0.000000000000000E+000 pot enstrophy =  0.000000000000000E+000
  0.000000000000000E+000 vorticity     = -3.646701767897416E-023
  0.000000000000000E+000 divergence    =  6.212228869049073E-023
  0.000000000000000E+000 RMS divergence=  1.459544305697566E-007
 writing coordinates to ios=           1
           0 time=  0.000000000000000E+000  days
  u=   -0.174532925199433E+01   0.261799387799149E+01   0.114193597358678E+05
  v=   -0.185120122423265E+01   0.185120122423265E+01  -0.577315972805081E-13
 ht=    0.499134780586896E+04   0.596000000000000E+04   0.438342135128124E+08
           1 time=  3.472222222222222E-004  days
  u=    0.000000000000000E+00   0.000000000000000E+00   0.000000000000000E+00
  v=    0.000000000000000E+00   0.000000000000000E+00   0.000000000000000E+00
 ht=    0.499134780586896E+04   0.596000000000000E+04   0.438342135128124E+08
   1.00000000000000      mass          =  1.618402840954152E-016
   1.00000000000000      total energy  =  4.810418412072186E-003
   1.00000000000000      pot enstrophy =  8.504289321593432E-002
   1.00000000000000      vorticity     = -1.441191529745872E-011
   1.00000000000000      divergence    = -1.039346900337021E-010
   1.00000000000000      RMS divergence=  4.705776508585304E-007
        2880 time=   1.00000000000000       days
  u=   -0.571666973764956E-01   0.256981293827146E+02   0.121871748001750E+06
  v=   -0.158891984145931E+02   0.998444489157982E+01  -0.239913622779313E+02
 ht=    0.499188990535363E+04   0.596664129733857E+04   0.438348479720148E+08
   2.00000000000000      mass          =  1.618402840954152E-016
   2.00000000000000      total energy  =  4.777273628998428E-003
   2.00000000000000      pot enstrophy =  8.465286292925946E-002
   2.00000000000000      vorticity     =  3.271003397171384E-011
   2.00000000000000      divergence    =  1.598891496258666E-010
   2.00000000000000      RMS divergence=  4.317285732188731E-007
        5760 time=   2.00000000000000       days
  u=   -0.214893083823219E+00   0.311832093648250E+02   0.120809913052543E+06
  v=   -0.185681441657067E+02   0.175560089402541E+02  -0.187986056183824E+03
 ht=    0.499257662519279E+04   0.596365409238930E+04   0.438356409328284E+08
   3.00000000000000      mass          =  1.618402840954152E-016
   3.00000000000000      total energy  =  4.733421860568178E-003
   3.00000000000000      pot enstrophy =  8.416530985937025E-002
   3.00000000000000      vorticity     =  3.926620878590012E-011
   3.00000000000000      divergence    =  6.262758452188033E-011
   3.00000000000000      RMS divergence=  3.864853597850288E-007
        8640 time=   3.00000000000000       days
  u=   -0.271681995791687E+00   0.328766336673441E+02   0.119601039237861E+06
  v=   -0.184317271520451E+02   0.195383659538921E+02  -0.349461042235955E+03
 ht=    0.499325614749020E+04   0.597096081246206E+04   0.438373210466025E+08
   4.00000000000000      mass          =  1.618402840954152E-016
   4.00000000000000      total energy  =  4.680539644194423E-003
   4.00000000000000      pot enstrophy =  8.360826389596859E-002
   4.00000000000000      vorticity     =  3.461215295507081E-011
   4.00000000000000      divergence    =  7.514510245010966E-011
   4.00000000000000      RMS divergence=  3.984762857253683E-007
       11520 time=   4.00000000000000       days
  u=   -0.235046338153906E+00   0.327106285605510E+02   0.118363581064937E+06
  v=   -0.182920566823740E+02   0.188663042306911E+02  -0.344975390383771E+03
 ht=    0.499439146434874E+04   0.597294683000118E+04   0.438374674408117E+08
   5.00000000000000      mass          =  1.618402840954152E-016
   5.00000000000000      total energy  =  4.619405832793583E-003
   5.00000000000000      pot enstrophy =  8.298222587788107E-002
   5.00000000000000      vorticity     =  3.387564563886375E-011
   5.00000000000000      divergence    =  8.217997312953396E-011
   5.00000000000000      RMS divergence=  4.120316953066375E-007
       14400 time=   5.00000000000000       days
  u=   -0.167999808544487E+00   0.330007789740634E+02   0.117228338426150E+06
  v=   -0.182642646948547E+02   0.183307450004288E+02  -0.276863253759302E+03
 ht=    0.499548715865377E+04   0.596711511383938E+04   0.438379827369935E+08
   6.00000000000000      mass          =  1.618402840954152E-016
   6.00000000000000      total energy  =  4.551075856495920E-003
   6.00000000000000      pot enstrophy =  8.229384069501840E-002
   6.00000000000000      vorticity     =  3.737372772976879E-011
   6.00000000000000      divergence    =  7.570401366492330E-011
   6.00000000000000      RMS divergence=  4.397173121956064E-007
       17280 time=   6.00000000000000       days
  u=   -0.880275029424283E-01   0.335710445477771E+02   0.116137182800907E+06
  v=   -0.193184131195154E+02   0.175981576577766E+02  -0.336042733540902E+03
 ht=    0.499739204929112E+04   0.596715119124959E+04   0.438385451081897E+08
   7.00000000000000      mass          =  1.618402840954152E-016
   7.00000000000000      total energy  =  4.476641605530597E-003
   7.00000000000000      pot enstrophy =  8.154997955837430E-002
   7.00000000000000      vorticity     =  3.383164211912055E-011
   7.00000000000000      divergence    =  6.899386326750454E-011
   7.00000000000000      RMS divergence=  4.501685200136993E-007
       20160 time=   7.00000000000000       days
  u=   -0.199183116310002E+00   0.342607302887419E+02   0.115027061636070E+06
  v=   -0.196603322864369E+02   0.174138745685627E+02  -0.430220728103071E+03
 ht=    0.499991496785083E+04   0.595466849744323E+04   0.438374450510682E+08
   8.00000000000000      mass          =  1.618402840954152E-016
   8.00000000000000      total energy  =  4.396716339889183E-003
   8.00000000000000      pot enstrophy =  8.075449653540212E-002
   8.00000000000000      vorticity     =  3.313041304759025E-011
   8.00000000000000      divergence    =  6.925742616018121E-011
   8.00000000000000      RMS divergence=  4.669690793040615E-007
       23040 time=   8.00000000000000       days
  u=   -0.427607015312332E+00   0.347021105615016E+02   0.113889079180012E+06
  v=   -0.204715419800595E+02   0.176811316179766E+02  -0.427410396063282E+03
 ht=    0.500246049236976E+04   0.595879341476908E+04   0.438376127046592E+08
   9.00000000000000      mass          =  1.618402840954152E-016
   9.00000000000000      total energy  =  4.311820033003785E-003
   9.00000000000000      pot enstrophy =  7.990854105209283E-002
   9.00000000000000      vorticity     =  2.877913738902940E-011
   9.00000000000000      divergence    =  5.477553788443155E-011
   9.00000000000000      RMS divergence=  4.621422414630002E-007
       25920 time=   9.00000000000000       days
  u=   -0.690587615649788E+00   0.342436917152943E+02   0.112775708661035E+06
  v=   -0.200578320681400E+02   0.186506922937305E+02  -0.356146579784850E+03
 ht=    0.500610660630814E+04   0.595865520217242E+04   0.438373865820294E+08
   10.0000000000000      mass          =  4.855208522862456E-016
   10.0000000000000      total energy  =  4.222207847453146E-003
   10.0000000000000      pot enstrophy =  7.901429057989505E-002
   10.0000000000000      vorticity     =  2.409672392522586E-011
   10.0000000000000      divergence    =  5.930277877847961E-011
   10.0000000000000      RMS divergence=  4.572825886484605E-007
       28800 time=   10.0000000000000       days
  u=   -0.856048952566714E+00   0.339633021093271E+02   0.111600450658017E+06
  v=   -0.192934202375876E+02   0.185483290139068E+02  -0.396484740164216E+03
 ht=    0.500980682337015E+04   0.595753041202429E+04   0.438374369137919E+08
   11.0000000000000      mass          =  4.855208522862456E-016
   11.0000000000000      total energy  =  4.128428639523320E-003
   11.0000000000000      pot enstrophy =  7.807570261168141E-002
   11.0000000000000      vorticity     =  2.413042421282634E-011
   11.0000000000000      divergence    =  6.354908954213734E-011
   11.0000000000000      RMS divergence=  4.533958267624545E-007
       31680 time=   11.0000000000000       days
  u=   -0.143642138507060E+01   0.337915389370265E+02   0.110472133650938E+06
  v=   -0.194313772989223E+02   0.173290823579384E+02  -0.474373859888363E+03
 ht=    0.501421772761990E+04   0.595191232792917E+04   0.438375446192452E+08
   12.0000000000000      mass          =  4.855208522862456E-016
   12.0000000000000      total energy  =  4.031401719525765E-003
   12.0000000000000      pot enstrophy =  7.709724847998249E-002
   12.0000000000000      vorticity     =  2.766618786285106E-011
   12.0000000000000      divergence    =  7.173454645303047E-011
   12.0000000000000      RMS divergence=  4.306801523859283E-007
       34560 time=   12.0000000000000       days
  u=   -0.200396543445123E+01   0.334918569117543E+02   0.109314739315569E+06
  v=   -0.198059203583154E+02   0.172096526739971E+02  -0.418475343270798E+03
 ht=    0.501890271356025E+04   0.594608057621226E+04   0.438383831930462E+08
   13.0000000000000      mass          =  4.855208522862456E-016
   13.0000000000000      total energy  =  3.931817736593398E-003
   13.0000000000000      pot enstrophy =  7.608300418251539E-002
   13.0000000000000      vorticity     =  3.118308242605890E-011
   13.0000000000000      divergence    =  6.962482954900886E-011
   13.0000000000000      RMS divergence=  4.514814130669515E-007
       37440 time=   13.0000000000000       days
  u=   -0.240176842380187E+01   0.333540593959019E+02   0.108156201272270E+06
  v=   -0.204430017031573E+02   0.174588889275606E+02  -0.329529919167947E+03
 ht=    0.502327520962231E+04   0.594582010856876E+04   0.438382368686084E+08
   14.0000000000000      mass          =  4.855208522862456E-016
   14.0000000000000      total energy  =  3.829790252423343E-003
   14.0000000000000      pot enstrophy =  7.503373529983720E-002
   14.0000000000000      vorticity     =  2.980556163860587E-011
   14.0000000000000      divergence    =  6.773270370989746E-011
   14.0000000000000      RMS divergence=  4.134449648216827E-007
       40320 time=   14.0000000000000       days
  u=   -0.262661726770932E+01   0.328018813223477E+02   0.106990347520945E+06
  v=   -0.197951952878662E+02   0.184926189652513E+02  -0.313996299126298E+03
 ht=    0.502833618828371E+04   0.593339849178537E+04   0.438383792300549E+08
   15.0000000000000      mass          =  6.473611363816608E-016
   15.0000000000000      total energy  =  3.725252783857203E-003
   15.0000000000000      pot enstrophy =  7.395151140401840E-002
   15.0000000000000      vorticity     =  2.764955040993923E-011
   15.0000000000000      divergence    =  7.651624109811948E-011
   15.0000000000000      RMS divergence=  4.176194965418624E-007
       43200 time=   15.0000000000000       days
  u=   -0.275328001063826E+01   0.325243352988616E+02   0.105845783233145E+06
  v=   -0.193163201384258E+02   0.184668729419230E+02  -0.337535410729366E+03
 ht=    0.503158292933328E+04   0.593848428889516E+04   0.438388784871421E+08
