   vform =
   vfile_mid=
   vfile_int=
 Reference element projection: cubed_sphere_map=           0
 readnl: accum         =           -1         200        1200
 readnl: topology      = cube
 readnl: test_case     = asp_baroclinic
 readnl: sub_case      =            1
 readnl: ndays         =            9
 readnl: nmax          =         4320
 readnl: qsize,qsize_d =            4           4
 readnl: ntrac,ntrac_d =            0           4
 readnl: NThreads      =            1
 readnl: ne,np         =           15           4
 readnl: partmethod    =            4
 readnl: nmpi_per_node =           24
 readnl: multilevel    =            1
 readnl: useframes     =            0
 readnl: nnodes        =            1
 readnl: npart         =           24
 readnl: test_cfldep   =  F
 readnl: integration   = explicit
 readnl: LF-trapazoidal freq=            0
 readnl: tracer_advection_formulation  =            1
 readnl: tstep_type    =            0
 readnl: vert_remap_q_alg  =            0
 readnl: tstep          =    180.000000000000     
 readnl: ftype          =            0
 readnl: limiter_option =            8
 filter: smooth         =   5.000000000000000E-003
 readnl: qsplit        =            1
 readnl: vertical remap frequency rsplit (0=disabled):            0
 readnl: physics       =            0
 readnl: energy_fixer  =           -1
 readnl: runtype       =            0
 weak form hyper viscsosity subcycle, tracer subcycle =            1           1
 Equivalent ne in fine region =           -1
viscosity:  nu (vor/div) =  0.10E+17 0.10E+17
viscosity:  nu_s      =  0.10E+17
viscosity:  nu_q      =  0.10E+17
viscosity:  nu_p      =  0.00E+00
viscosity:  nu_top      =  0.00E+00
 cooling:  cool_ampl             =   0.000000000000000E+000
 cooling:  cool_min              =   0.000000000000000E+000
 cooling:  cool_max              =   0.000000000000000E+000
 moisture: qv_flag               =            0
 moisture: qv_pert_flag          =            0
 moisture: qv_pert_ampl          =   0.000000000000000E+000
 moisture: qv_pert_zmin          =   0.000000000000000E+000
 moisture: qv_pert_zmax          =   0.000000000000000E+000
 surface:  isrf_forc             =            0
 surface:  h_dis                 =   0.000000000000000E+000
 surface:  Cdrag                 =   0.000000000000000E+000
 surface:  wstar                 =   0.000000000000000E+000
 surface:  tsurf                 =   0.000000000000000E+000
 surface:  qsurf                 =   0.000000000000000E+000
 wind:     u0                    =   0.000000000000000E+000
 absorber: zabsampl              =   0.000000000000000E+000
 absorber: zabsmid               =   0.000000000000000E+000
 absorber: zabsmin               =   0.000000000000000E+000
 noise   : noisef  0 off,  >0 on =            0
   analysis: output_prefix = 
   analysis: io_stride =            8
   analysis: num_io_procs =            3
  analysis interpolation =  T T T T T T T T
  analysis interp nlat =          128
  analysis interp nlon =          256
  analysis interp gridtype =            2
  analysis interpolation type =            0
  total simulated time =    777600.000000000     
 ============================================
 ============================================
 ============================================
 sum of Gaussian weights=   2.00000000000000     
 ============================================
 ============================================
 ============================================
 ============================================
 sum of Gauss-Lobatto weights=   2.00000000000000     
 ============================================
 re-initializing cube elements: area correction= 0.99999999996383226
component   1 length= 2496 displacement=      0
component   2 length= 1248 displacement=  19968
component   3 length=   48 displacement=  29952
component   4 length=   48 displacement=  30336
component   5 length=   16 displacement=  30720
component   6 length= 1664 displacement=  30848
component   7 length= 3328 displacement=  44160
component   8 length= 1248 displacement=  70784
 Main:NThreads=           1
 Main:n_domains =            1
Average equatorial node spacing (deg, km) =  2.000  222.56
dx for CFL (smallest scale per elem): ave,min,max =   179.98  148.38  221.96
dx for hypervis (largest scale per elem): ave,min,max =   228.29  222.57  257.00
dx based on sqrt element area: ave,min,max =   205.05  191.83  222.46
CFL estimates in terms of S=time step stability region
(i.e. advection w/leapfrog: S=1, viscosity w/forward Euler: S=2)
 nstep=           0  time=  0.000000000000000E+000  [day]
dt_remap: (0=disabled)        0.00
  u     =   0.957541715954600E-02  0.355757663030606E+02  0.888620743827832E+07
  v     =   0.000000000000000E+00  0.000000000000000E+00  0.000000000000000E+00
  omega =   0.000000000000000E+00  0.000000000000000E+00  0.000000000000000E+00
  t     =   0.209499343137893E+03  0.309683916022790E+03  0.139207676397416E+09
      ps=   0.100000000000000E+06  0.100000000000000E+06  0.216000000000000E+10
      M =   0.101976716676049E+05 kg/m^2  0.100000000000000E+06 mb     
 writing coordinates to ios=           1
 writing coordinates to ios=           2
 nstep=           2  time=  4.166666666666667E-003  [day]
  u     =   0.957892570130023E-02  0.355506263280323E+02  0.888621084844579E+07
  v     =  -0.389282728545713E-01  0.116492859895360E-01 -0.570612420591353E+02
  omega =  -0.132935330013620E-05  0.128910353485038E-05  0.388467989868985E-04
  t     =   0.209499339911930E+03  0.309683921991673E+03  0.139207677055225E+09
      ps=   0.999520425181174E+05  0.100046525428943E+06  0.216000004457711E+10
      M =   0.101976716676049E+05 kg/m^2  0.100000000000000E+06 mb     
 nstep=         480  time=   1.00000000000000       [day]
  u     =  -0.580676907560865E-01  0.351280691302458E+02  0.889131418996606E+07
  v     =  -0.367390089080427E+00  0.312671072651145E+00 -0.751773004038632E+03
  omega =  -0.481253574068393E-06  0.625582861847550E-06  0.489551948143628E-04
  t     =   0.209482045241820E+03  0.309707624635784E+03  0.139207744714851E+09
      ps=   0.999641504610403E+05  0.100032407575258E+06  0.216000110268865E+10
      M =   0.101976716676049E+05 kg/m^2  0.100000000000000E+06 mb     
 nstep=         960  time=   2.00000000000000       [day]
  u     =  -0.349578381055414E-01  0.351015339690378E+02  0.888700260843889E+07
  v     =  -0.523082703414006E+00  0.371022102269406E+00  0.524538539860670E+03
  omega =  -0.478502285117870E-06  0.465879501621496E-06 -0.687805062013511E-05
  t     =   0.209483188551376E+03  0.309699567888503E+03  0.139207725766552E+09
      ps=   0.999440108868339E+05  0.100023996480008E+06  0.216000013229083E+10
      M =   0.101976716676049E+05 kg/m^2  0.100000000000000E+06 mb     
 nstep=        1440  time=   3.00000000000000       [day]
  u     =  -0.609234136493350E-01  0.351155155319979E+02  0.888625181065068E+07
  v     =  -0.102612108695462E+01  0.698044426589093E+00  0.631247310083333E+03
  omega =  -0.459874751365751E-06  0.449828580715962E-06 -0.117687833463845E-03
  t     =   0.209487985302950E+03  0.309704208074975E+03  0.139207520958455E+09
      ps=   0.998860883475514E+05  0.100050818153985E+06  0.215999917867194E+10
      M =   0.101976716676049E+05 kg/m^2  0.100000000000000E+06 mb     
 nstep=        1920  time=   4.00000000000000       [day]
  u     =  -0.576823768860471E-02  0.351110842522255E+02  0.888682163343211E+07
  v     =  -0.193118510567322E+01  0.132518280029994E+01 -0.100823535416153E+04
  omega =  -0.399750726246387E-06  0.547895243497530E-06  0.703105941625986E-04
  t     =   0.209471070975930E+03  0.309703154425939E+03  0.139207676018681E+09
      ps=   0.998407173105577E+05  0.100102291656925E+06  0.215999891574958E+10
      M =   0.101976716676049E+05 kg/m^2  0.100000000000000E+06 mb     
 nstep=        2400  time=   5.00000000000000       [day]
  u     =  -0.161770958546834E-01  0.351426107511892E+02  0.888614459930826E+07
  v     =  -0.361184515646281E+01  0.289464264408639E+01 -0.557777512727985E+03
  omega =  -0.381605270993388E-06  0.391352610183114E-06 -0.470266196854662E-04
  t     =   0.209488596899484E+03  0.309703123417711E+03  0.139207476114607E+09
      ps=   0.997031721336772E+05  0.100210869436346E+06  0.216000106581623E+10
      M =   0.101976716676049E+05 kg/m^2  0.100000000000000E+06 mb     
 nstep=        2880  time=   6.00000000000000       [day]
  u     =  -0.217244638690329E-01  0.353469601272560E+02  0.888757305190178E+07
  v     =  -0.654298606581606E+01  0.621189957649850E+01  0.855615360069144E+03
  omega =  -0.867101796084564E-06  0.780600665589337E-06  0.109955549027307E-03
  t     =   0.209480326822506E+03  0.309705137067843E+03  0.139207352289427E+09
      ps=   0.994406374098469E+05  0.100420864207068E+06  0.216000212573313E+10
      M =   0.101976716676049E+05 kg/m^2  0.100000000000000E+06 mb     
 nstep=        3360  time=   7.00000000000000       [day]
  u     =  -0.833204414724823E-02  0.357371100843125E+02  0.889039953682603E+07
  v     =  -0.110702629165113E+02  0.123599540272426E+02 -0.223996943711198E+03
  omega =  -0.213041992899565E-05  0.160971765810944E-05  0.505041323176526E-05
  t     =   0.209481137592366E+03  0.309704820027956E+03  0.139206484692712E+09
      ps=   0.988614316604660E+05  0.100757259503279E+06  0.216000404623681E+10
      M =   0.101976716676049E+05 kg/m^2  0.100000000000001E+06 mb     
 nstep=        3840  time=   8.00000000000000       [day]
  u     =  -0.607776311886721E+01  0.363982547179734E+02  0.888605491415497E+07
  v     =  -0.160316982506407E+02  0.260407804148217E+02 -0.101326512573519E+04
  omega =  -0.436567261436232E-05  0.254504622683675E-05  0.166733890825747E-04
  t     =   0.209483788551691E+03  0.309705061233919E+03  0.139202929385455E+09
      ps=   0.976454912134143E+05  0.101211815711958E+06  0.216001151383762E+10
      M =   0.101976716676049E+05 kg/m^2  0.100000000000001E+06 mb     
 nstep=        4320  time=   9.00000000000000       [day]
  u     =  -0.231610670504998E+02  0.377904945046590E+02  0.888220127348299E+07
  v     =  -0.230880588211573E+02  0.391404488417290E+02  0.142712218026988E+04
  omega =  -0.130161528455708E-04  0.534176076252166E-05 -0.519947463790130E-03
  t     =   0.209471766448999E+03  0.309709923953799E+03  0.139194516042863E+09
      ps=   0.954666673042770E+05  0.101863374419159E+06  0.216003823992313E+10
      M =   0.101976716676049E+05 kg/m^2  0.100000000000001E+06 mb     
