 Reference element projection: cubed_sphere_map=           0
 readnl: accum         =          100         300         600
 readnl: topology      = cube
 readnl: test_case     = swtc1
 readnl: sub_case      =            1
 readnl: ndays         =           12
 readnl: nmax          =         2160
 readnl: qsize,qsize_d =            0           4
 readnl: ntrac,ntrac_d =            0           4
 readnl: NThreads      =            1
 readnl: ne,np         =           10           8
 readnl: partmethod    =            4
 readnl: nmpi_per_node =           16
 readnl: multilevel    =            1
 readnl: useframes     =            0
 readnl: nnodes        =            1
 readnl: npart         =           16
 readnl: test_cfldep   =  F
 readnl: integration   = runge_kutta
 readnl: rk_stage_user   =            3
 readnl: tracer_advection_formulation  =            1
 readnl: tstep_type    =            0
 readnl: vert_remap_q_alg  =            0
 readnl: tstep          =    480.000000000000     
 readnl: ftype          =            0
 readnl: limiter_option =            4
 filter: smooth         =   0.000000000000000E+000
 readnl: qsplit        =            1
 readnl: vertical remap frequency rsplit (0=disabled):            0
 readnl: physics       =            0
 readnl: energy_fixer  =            0
 readnl: runtype       =            0
 weak form hyper viscsosity subcycle, tracer subcycle =            1           1
 Equivalent ne in fine region =           -1
viscosity:  nu (vor/div) =  0.00E+00 0.00E+00
viscosity:  nu_s      =  0.00E+00
viscosity:  nu_q      =  0.00E+00
viscosity:  nu_p      =  0.00E+00
viscosity:  nu_top      =  0.00E+00
   analysis: output_prefix = 
   analysis: io_stride =            1
   analysis: num_io_procs =           16
  analysis interpolation =  T T T T T T T T
  analysis interp nlat =          128
  analysis interp nlon =          256
  analysis interp gridtype =            2
  analysis interpolation type =            0
  total simulated time =    1036800.00000000     
 ============================================
 ============================================
 ============================================
 sum of Gaussian weights=   2.00000000000000     
 ============================================
 ============================================
 ============================================
 ============================================
 sum of Gauss-Lobatto weights=   2.00000000000000     
 ============================================
 Main:NThreads=           1
Average equatorial node spacing (deg, km) =  1.286  143.08
dx for CFL (smallest scale per elem): ave,min,max =   113.77   95.38  139.66
dx for hypervis (largest scale per elem): ave,min,max =   147.45  143.12  165.21
dx based on sqrt element area: ave,min,max =   131.82  124.77  142.50
CFL estimates in terms of S=time step stability region
(i.e. advection w/leapfrog: S=1, viscosity w/forward Euler: S=2)
 dt grv =   0.000000000000000E+000
 dt user=    480.000000000000     
 transfer function type in homme=bv      
 filter type            in homme=taylor  
I-mu + mu*Tp(:) =   1.000000  1.000000  1.000000  1.000000  1.000000  1.000000  0.999467  0.995000
 writing coordinates to ios=           1
  u=    0.236599620817325E-14   0.386396503844300E+02   0.116862506718957E+07
  v=   -0.355271367880050E-14   0.355271367880050E-14  -0.514033260401447E-13
  p=    0.000000000000000E+00   0.100000000000000E+04   0.271387794589222E+06
  p=    0.264953542002724E-35   0.100000000000000E+04   0.938664570421325E+06
  p=    0.000000000000000E+00   0.100000000000000E+04   0.420000000000000E+06
  p=    0.000000000000000E+00   0.100000000000000E+01   0.776000000000000E+03
 sqrt(g(h0+max(h)) =    1.00000000000000     
k= 1  0.00 days  l1,l2,linf=  0.0000000E+00  0.0000000E+00  0.0000000E+00
k= 2  0.00 days  l1,l2,linf=  0.2315670E+01  0.1051779E+01  0.4326226E+00
k= 3  0.00 days  l1,l2,linf=  0.1668871E+01  0.1467024E+01  0.1000000E+01
k= 4  0.00 days  l1,l2,linf=  0.9972575E+00  0.9986838E+00  0.9990000E+00
  u=    0.236599620817325E-14   0.386396503844300E+02   0.116862506718957E+07
  v=   -0.355271367880050E-14   0.355271367880050E-14  -0.514033260401447E-13
  p=    0.000000000000000E+00   0.100000000000000E+04   0.271387794589222E+06
  p=    0.264953542002724E-35   0.100000000000000E+04   0.938664570421325E+06
  p=    0.000000000000000E+00   0.100000000000000E+04   0.420000000000000E+06
  p=    0.000000000000000E+00   0.100000000000000E+01   0.776000000000000E+03
 sqrt(g(h0+max(h)) =    1.00000000000000     
k= 1  1.00 days  l1,l2,linf=  0.2727041E-02  0.2072862E-02  0.3251176E-02
k= 2  1.00 days  l1,l2,linf=  0.2315684E+01  0.1051781E+01  0.4335748E+00
k= 3  1.00 days  l1,l2,linf=  0.1588519E+01  0.1291586E+01  0.1141642E+01
k= 4  1.00 days  l1,l2,linf=  0.9975733E+00  0.9986808E+00  0.9990957E+00
         180 time=   1.00000000000000       days
  u=    0.236599620817325E-14   0.386396503844300E+02   0.116862506718957E+07
  v=   -0.355271367880050E-14   0.355271367880050E-14  -0.514033260401447E-13
  p=    0.000000000000000E+00   0.998389308894604E+03   0.313073219957869E+06
  p=    0.451697277505021E-88   0.999150114609792E+03   0.104713026759396E+07
  p=    0.000000000000000E+00   0.128847465696693E+04   0.514944673019305E+06
  p=    0.000000000000000E+00   0.162667963667938E+01   0.947746868201309E+03
 sqrt(g(h0+max(h)) =    1.27541351595448     
level =  1  M-M0/M0      =-0.1166E-13 dM/dt   /M  = -0.134993E-18
level =  2  M-M0/M0      =-0.1212E-13 dM/dt   /M  = -0.140236E-18
level =  3  M-M0/M0      =-0.1191E-13 dM/dt   /M  = -0.137796E-18
level =  4  M-M0/M0      =-0.1097E-13 dM/dt   /M  = -0.127021E-18
PV-PV0       = 0.0000E+00 dPV/dt      =  0.000000E+00 |vor|/|f|= 0.831071E-01
DV-DV0       = 0.0000E+00 dDV/dt      =  0.000000E+00 |div|/|f|= 0.125577E-10
k= 1  2.00 days  l1,l2,linf=  0.3658554E-02  0.2654504E-02  0.4271368E-02
k= 2  2.00 days  l1,l2,linf=  0.2315684E+01  0.1051781E+01  0.4336130E+00
k= 3  2.00 days  l1,l2,linf=  0.1587803E+01  0.1269277E+01  0.1234453E+01
k= 4  2.00 days  l1,l2,linf=  0.9976372E+00  0.9986820E+00  0.9990495E+00
         360 time=   2.00000000000000       days
  u=    0.236599620817325E-14   0.386396503844300E+02   0.116862506718957E+07
  v=   -0.355271367880050E-14   0.355271367880050E-14  -0.514033260401447E-13
  p=    0.000000000000000E+00   0.998067406414606E+03   0.313024471849272E+06
  p=    0.231222666754765-155   0.999140142751130E+03   0.104712234911471E+07
  p=    0.000000000000000E+00   0.129518536614149E+04   0.572308473116608E+06
  p=    0.000000000000000E+00   0.148284171949430E+01   0.937751173546019E+03
 sqrt(g(h0+max(h)) =    1.21771988548036     
level =  1  M-M0/M0      =-0.2289E-13 dM/dt   /M  = -0.129993E-18
level =  2  M-M0/M0      =-0.2319E-13 dM/dt   /M  = -0.128173E-18
level =  3  M-M0/M0      =-0.2237E-13 dM/dt   /M  = -0.121139E-18
level =  4  M-M0/M0      =-0.2150E-13 dM/dt   /M  = -0.121872E-18
PV-PV0       = 0.0000E+00 dPV/dt      =  0.000000E+00 |vor|/|f|= 0.831071E-01
DV-DV0       = 0.0000E+00 dDV/dt      =  0.000000E+00 |div|/|f|= 0.125577E-10
k= 1  3.00 days  l1,l2,linf=  0.3873987E-02  0.2755714E-02  0.4171699E-02
k= 2  3.00 days  l1,l2,linf=  0.2315670E+01  0.1051779E+01  0.4327071E+00
k= 3  3.00 days  l1,l2,linf=  0.1585503E+01  0.1260571E+01  0.9764265E+00
k= 4  3.00 days  l1,l2,linf=  0.9976233E+00  0.9986826E+00  0.9991409E+00
         540 time=   3.00000000000000       days
  u=    0.236599620817325E-14   0.386396503844300E+02   0.116862506718957E+07
  v=   -0.355271367880050E-14   0.355271367880050E-14  -0.514033260401447E-13
  p=    0.000000000000000E+00   0.999435462779352E+03   0.271441793957283E+06
  p=    0.200330650900101-229   0.100000146003422E+04   0.938664572077962E+06
  p=    0.000000000000000E+00   0.107687648242721E+04   0.446451687711416E+06
  p=    0.000000000000000E+00   0.110576559792548E+01   0.775910987712342E+03
 sqrt(g(h0+max(h)) =    1.05155389682387     
level =  1  M-M0/M0      =-0.3456E-13 dM/dt   /M  = -0.134993E-18
level =  2  M-M0/M0      =-0.3505E-13 dM/dt   /M  = -0.137220E-18
level =  3  M-M0/M0      =-0.3323E-13 dM/dt   /M  = -0.125682E-18
level =  4  M-M0/M0      =-0.3278E-13 dM/dt   /M  = -0.130454E-18
PV-PV0       = 0.0000E+00 dPV/dt      =  0.000000E+00 |vor|/|f|= 0.831071E-01
DV-DV0       = 0.0000E+00 dDV/dt      =  0.000000E+00 |div|/|f|= 0.125577E-10
k= 1  4.00 days  l1,l2,linf=  0.4315545E-02  0.3037927E-02  0.5360136E-02
k= 2  4.00 days  l1,l2,linf=  0.2315684E+01  0.1051781E+01  0.4336575E+00
k= 3  4.00 days  l1,l2,linf=  0.1586129E+01  0.1256921E+01  0.1008441E+01
k= 4  4.00 days  l1,l2,linf=  0.9976591E+00  0.9986825E+00  0.9990844E+00
         720 time=   4.00000000000000       days
  u=    0.236599620817325E-14   0.386396503844300E+02   0.116862506718957E+07
  v=   -0.355271367880050E-14   0.355271367880050E-14  -0.514033260401447E-13
  p=    0.000000000000000E+00   0.998079690469357E+03   0.312966342136915E+06
  p=    0.926329127743016-116   0.999162058279443E+03   0.104713816356903E+07
  p=    0.000000000000000E+00   0.116600052495390E+04   0.511900774544491E+06
  p=    0.000000000000000E+00   0.138236072892735E+01   0.935792107328372E+03
 sqrt(g(h0+max(h)) =    1.17573837605453     
level =  1  M-M0/M0      =-0.4622E-13 dM/dt   /M  = -0.134993E-18
level =  2  M-M0/M0      =-0.4690E-13 dM/dt   /M  = -0.137220E-18
level =  3  M-M0/M0      =-0.4540E-13 dM/dt   /M  = -0.140824E-18
level =  4  M-M0/M0      =-0.4405E-13 dM/dt   /M  = -0.130454E-18
PV-PV0       = 0.0000E+00 dPV/dt      =  0.000000E+00 |vor|/|f|= 0.831071E-01
DV-DV0       = 0.0000E+00 dDV/dt      =  0.000000E+00 |div|/|f|= 0.125577E-10
k= 1  5.00 days  l1,l2,linf=  0.4888673E-02  0.3443640E-02  0.5379364E-02
k= 2  5.00 days  l1,l2,linf=  0.2315684E+01  0.1051781E+01  0.4336956E+00
k= 3  5.00 days  l1,l2,linf=  0.1586704E+01  0.1252908E+01  0.1182697E+01
k= 4  5.00 days  l1,l2,linf=  0.9976746E+00  0.9986825E+00  0.9990390E+00
         900 time=   5.00000000000000       days
  u=    0.236599620817325E-14   0.386396503844300E+02   0.116862506718957E+07
  v=   -0.355271367880050E-14   0.355271367880050E-14  -0.514033260401447E-13
  p=    0.000000000000000E+00   0.998161357484554E+03   0.313003120993039E+06
  p=    0.158124204599525-150   0.999131105727924E+03   0.104711442175175E+07
  p=    0.000000000000000E+00   0.124353898504777E+04   0.567300512303864E+06
  p=    0.000000000000000E+00   0.132965499727722E+01   0.933052125854442E+03
 sqrt(g(h0+max(h)) =    1.15310667211547     
level =  1  M-M0/M0      =-0.5767E-13 dM/dt   /M  = -0.132493E-18
level =  2  M-M0/M0      =-0.5824E-13 dM/dt   /M  = -0.131188E-18
level =  3  M-M0/M0      =-0.5600E-13 dM/dt   /M  = -0.122654E-18
level =  4  M-M0/M0      =-0.5443E-13 dM/dt   /M  = -0.120155E-18
PV-PV0       = 0.0000E+00 dPV/dt      =  0.000000E+00 |vor|/|f|= 0.831071E-01
DV-DV0       = 0.0000E+00 dDV/dt      =  0.000000E+00 |div|/|f|= 0.125577E-10
k= 1  6.00 days  l1,l2,linf=  0.5136548E-02  0.3591382E-02  0.5379226E-02
k= 2  6.00 days  l1,l2,linf=  0.2315670E+01  0.1051779E+01  0.4327917E+00
k= 3  6.00 days  l1,l2,linf=  0.1584055E+01  0.1249674E+01  0.9872384E+00
k= 4  6.00 days  l1,l2,linf=  0.9976484E+00  0.9986825E+00  0.9991757E+00
        1080 time=   6.00000000000000       days
  u=    0.236599620817325E-14   0.386396503844300E+02   0.116862506718957E+07
  v=   -0.355271367880050E-14   0.355271367880050E-14  -0.514033260401447E-13
  p=    0.000000000000000E+00   0.999469019807038E+03   0.271474213072329E+06
  p=    0.145760853496853-159   0.100000286467174E+04   0.938664571370563E+06
  p=    0.000000000000000E+00   0.103858883386732E+04   0.448655370069313E+06
  p=    0.000000000000000E+00   0.113914211249659E+01   0.775589950622538E+03
 sqrt(g(h0+max(h)) =    1.06730600696173     
level =  1  M-M0/M0      =-0.6933E-13 dM/dt   /M  = -0.134993E-18
level =  2  M-M0/M0      =-0.6996E-13 dM/dt   /M  = -0.135712E-18
level =  3  M-M0/M0      =-0.6699E-13 dM/dt   /M  = -0.127196E-18
level =  4  M-M0/M0      =-0.6570E-13 dM/dt   /M  = -0.130454E-18
PV-PV0       = 0.0000E+00 dPV/dt      =  0.000000E+00 |vor|/|f|= 0.831071E-01
DV-DV0       = 0.0000E+00 dDV/dt      =  0.000000E+00 |div|/|f|= 0.125577E-10
k= 1  7.00 days  l1,l2,linf=  0.5544014E-02  0.3882747E-02  0.6195567E-02
k= 2  7.00 days  l1,l2,linf=  0.2315684E+01  0.1051781E+01  0.4337403E+00
k= 3  7.00 days  l1,l2,linf=  0.1582121E+01  0.1246762E+01  0.9962947E+00
k= 4  7.00 days  l1,l2,linf=  0.9976817E+00  0.9986824E+00  0.9990630E+00
        1260 time=   7.00000000000000       days
  u=    0.236599620817325E-14   0.386396503844300E+02   0.116862506718957E+07
  v=   -0.355271367880050E-14   0.355271367880050E-14  -0.514033260401447E-13
  p=    0.000000000000000E+00   0.997839010368310E+03   0.312927085999557E+06
  p=    0.180896031670180-100   0.999173895175724E+03   0.104714606293985E+07
  p=    0.000000000000000E+00   0.112221128683932E+04   0.509925065711265E+06
  p=    0.000000000000000E+00   0.135644640818152E+01   0.933924141966029E+03
 sqrt(g(h0+max(h)) =    1.16466579248363     
level =  1  M-M0/M0      =-0.8143E-13 dM/dt   /M  = -0.139993E-18
level =  2  M-M0/M0      =-0.8195E-13 dM/dt   /M  = -0.138728E-18
level =  3  M-M0/M0      =-0.7902E-13 dM/dt   /M  = -0.139310E-18
level =  4  M-M0/M0      =-0.7712E-13 dM/dt   /M  = -0.132171E-18
PV-PV0       = 0.0000E+00 dPV/dt      =  0.000000E+00 |vor|/|f|= 0.831071E-01
DV-DV0       = 0.0000E+00 dDV/dt      =  0.000000E+00 |div|/|f|= 0.125577E-10
k= 1  8.00 days  l1,l2,linf=  0.6071829E-02  0.4267079E-02  0.6531969E-02
k= 2  8.00 days  l1,l2,linf=  0.2315684E+01  0.1051781E+01  0.4337783E+00
k= 3  8.00 days  l1,l2,linf=  0.1580045E+01  0.1243403E+01  0.1159196E+01
k= 4  8.00 days  l1,l2,linf=  0.9976926E+00  0.9986823E+00  0.9990246E+00
        1440 time=   8.00000000000000       days
  u=    0.236599620817325E-14   0.386396503844300E+02   0.116862506718957E+07
  v=   -0.355271367880050E-14   0.355271367880050E-14  -0.514033260401447E-13
  p=    0.000000000000000E+00   0.998218976852055E+03   0.312978776016659E+06
  p=    0.710283904887551-114   0.999121961513844E+03   0.104710649690897E+07
  p=    0.000000000000000E+00   0.122008733750933E+04   0.567389196490482E+06
  p=    0.000000000000000E+00   0.134328738266151E+01   0.932173390524404E+03
 sqrt(g(h0+max(h)) =    1.15900275351766     
level =  1  M-M0/M0      =-0.9288E-13 dM/dt   /M  = -0.132493E-18
level =  2  M-M0/M0      =-0.9328E-13 dM/dt   /M  = -0.131188E-18
level =  3  M-M0/M0      =-0.9027E-13 dM/dt   /M  = -0.130225E-18
level =  4  M-M0/M0      =-0.8780E-13 dM/dt   /M  = -0.123588E-18
PV-PV0       = 0.0000E+00 dPV/dt      =  0.000000E+00 |vor|/|f|= 0.831071E-01
DV-DV0       = 0.0000E+00 dDV/dt      =  0.000000E+00 |div|/|f|= 0.125577E-10
k= 1  9.00 days  l1,l2,linf=  0.6334825E-02  0.4452878E-02  0.6650816E-02
k= 2  9.00 days  l1,l2,linf=  0.2315670E+01  0.1051779E+01  0.4328763E+00
k= 3  9.00 days  l1,l2,linf=  0.1577446E+01  0.1240750E+01  0.9871532E+00
k= 4  9.00 days  l1,l2,linf=  0.9976678E+00  0.9986822E+00  0.9992220E+00
        1620 time=   9.00000000000000       days
  u=    0.236599620817325E-14   0.386396503844300E+02   0.116862506718957E+07
  v=   -0.355271367880050E-14   0.355271367880050E-14  -0.514033260401447E-13
  p=    0.000000000000000E+00   0.999672194404404E+03   0.271513469083534E+06
  p=    0.934260468588926E-95   0.100000416198115E+04   0.938664569386649E+06
  p=    0.000000000000000E+00   0.104993719753698E+04   0.449446650517522E+06
  p=    0.000000000000000E+00   0.114233257608078E+01   0.774869869893952E+03
 sqrt(g(h0+max(h)) =    1.06879959584610     
level =  1  M-M0/M0      =-0.1045E-12 dM/dt   /M  = -0.134993E-18
level =  2  M-M0/M0      =-0.1050E-12 dM/dt   /M  = -0.135712E-18
level =  3  M-M0/M0      =-0.1015E-12 dM/dt   /M  = -0.130225E-18
level =  4  M-M0/M0      =-0.9922E-13 dM/dt   /M  = -0.132171E-18
PV-PV0       = 0.0000E+00 dPV/dt      =  0.000000E+00 |vor|/|f|= 0.831071E-01
DV-DV0       = 0.0000E+00 dDV/dt      =  0.000000E+00 |div|/|f|= 0.125577E-10
k= 1 10.00 days  l1,l2,linf=  0.6711579E-02  0.4734313E-02  0.6992533E-02
k= 2 10.00 days  l1,l2,linf=  0.2315684E+01  0.1051781E+01  0.4338232E+00
k= 3 10.00 days  l1,l2,linf=  0.1574874E+01  0.1238407E+01  0.1004581E+01
k= 4 10.00 days  l1,l2,linf=  0.9977003E+00  0.9986821E+00  0.9990442E+00
        1800 time=   10.0000000000000       days
  u=    0.236599620817325E-14   0.386396503844300E+02   0.116862506718957E+07
  v=   -0.355271367880050E-14   0.355271367880050E-14  -0.514033260401447E-13
  p=    0.000000000000000E+00   0.997723584750399E+03   0.312881800589567E+06
  p=    0.567952385542815E-70   0.999185625853780E+03   0.104715396492614E+07
  p=    0.000000000000000E+00   0.107797826329958E+04   0.508737190411597E+06
  p=    0.000000000000000E+00   0.134791181781151E+01   0.933251051345811E+03
 sqrt(g(h0+max(h)) =    1.16099604556239     
level =  1  M-M0/M0      =-0.1162E-12 dM/dt   /M  = -0.134993E-18
level =  2  M-M0/M0      =-0.1171E-12 dM/dt   /M  = -0.140236E-18
level =  3  M-M0/M0      =-0.1138E-12 dM/dt   /M  = -0.142339E-18
level =  4  M-M0/M0      =-0.1106E-12 dM/dt   /M  = -0.132171E-18
PV-PV0       = 0.0000E+00 dPV/dt      =  0.000000E+00 |vor|/|f|= 0.831071E-01
DV-DV0       = 0.0000E+00 dDV/dt      =  0.000000E+00 |div|/|f|= 0.125577E-10
k= 1 11.00 days  l1,l2,linf=  0.7191915E-02  0.5095033E-02  0.7528906E-02
k= 2 11.00 days  l1,l2,linf=  0.2315684E+01  0.1051781E+01  0.4338611E+00
k= 3 11.00 days  l1,l2,linf=  0.1572658E+01  0.1235929E+01  0.1141912E+01
k= 4 11.00 days  l1,l2,linf=  0.9977098E+00  0.9986820E+00  0.9990176E+00
        1980 time=   11.0000000000000       days
  u=    0.236599620817325E-14   0.386396503844300E+02   0.116862506718957E+07
  v=   -0.355271367880050E-14   0.355271367880050E-14  -0.514033260401447E-13
  p=    0.000000000000000E+00   0.998296481776041E+03   0.312956617071803E+06
  p=    0.205833570732035-107   0.999112710270226E+03   0.104709857423061E+07
  p=    0.000000000000000E+00   0.120283999199301E+04   0.567246972070618E+06
  p=    0.000000000000000E+00   0.135906493810262E+01   0.931843394892555E+03
 sqrt(g(h0+max(h)) =    1.16578940555429     
level =  1  M-M0/M0      =-0.1274E-12 dM/dt   /M  = -0.129993E-18
level =  2  M-M0/M0      =-0.1282E-12 dM/dt   /M  = -0.128173E-18
level =  3  M-M0/M0      =-0.1247E-12 dM/dt   /M  = -0.125682E-18
level =  4  M-M0/M0      =-0.1210E-12 dM/dt   /M  = -0.120155E-18
PV-PV0       = 0.0000E+00 dPV/dt      =  0.000000E+00 |vor|/|f|= 0.831071E-01
DV-DV0       = 0.0000E+00 dDV/dt      =  0.000000E+00 |div|/|f|= 0.125577E-10
k= 1 12.00 days  l1,l2,linf=  0.7455137E-02  0.5295733E-02  0.7798420E-02
k= 2 12.00 days  l1,l2,linf=  0.2315670E+01  0.1051779E+01  0.4329610E+00
k= 3 12.00 days  l1,l2,linf=  0.1570703E+01  0.1233817E+01  0.9790602E+00
k= 4 12.00 days  l1,l2,linf=  0.9976855E+00  0.9986820E+00  0.9992427E+00
        2160 time=   12.0000000000000       days
  u=    0.236599620817325E-14   0.386396503844300E+02   0.116862506718957E+07
  v=   -0.355271367880050E-14   0.355271367880050E-14  -0.514033260401447E-13
  p=    0.000000000000000E+00   0.100001432406307E+04   0.271553362134426E+06
  p=    0.162975817862211E-87   0.100000535166374E+04   0.938664566721147E+06
  p=    0.000000000000000E+00   0.104865155622502E+04   0.449691429970185E+06
  p=    0.000000000000000E+00   0.114686197503837E+01   0.774807573227807E+03
 sqrt(g(h0+max(h)) =    1.07091641832515     
level =  1  M-M0/M0      =-0.1393E-12 dM/dt   /M  = -0.137493E-18
level =  2  M-M0/M0      =-0.1402E-12 dM/dt   /M  = -0.138728E-18
level =  3  M-M0/M0      =-0.1354E-12 dM/dt   /M  = -0.124168E-18
level =  4  M-M0/M0      =-0.1326E-12 dM/dt   /M  = -0.133887E-18
PV-PV0       = 0.0000E+00 dPV/dt      =  0.000000E+00 |vor|/|f|= 0.831071E-01
DV-DV0       = 0.0000E+00 dDV/dt      =  0.000000E+00 |div|/|f|= 0.125577E-10
