 Reference element projection: cubed_sphere_map=           0
 readnl: accum         =          100         300         600
 readnl: topology      = cube
 readnl: test_case     = swtc5
 readnl: sub_case      =            1
 readnl: ndays         =           15
 readnl: nmax          =        14400
 readnl: qsize,qsize_d =            0           4
 readnl: ntrac,ntrac_d =            0           4
 readnl: NThreads      =            1
 readnl: ne,np         =           30           4
 readnl: partmethod    =            4
 readnl: nmpi_per_node =           16
 readnl: multilevel    =            1
 readnl: useframes     =            0
 readnl: nnodes        =            1
 readnl: npart         =           16
 readnl: test_cfldep   =  F
 readnl: integration   = explicit
 readnl: LF-trapazoidal freq=            1
 readnl: tracer_advection_formulation  =            1
 readnl: tstep_type    =            0
 readnl: vert_remap_q_alg  =            0
 readnl: tstep          =    90.0000000000000     
 readnl: ftype          =            0
 readnl: limiter_option =            0
 filter: smooth         =   0.000000000000000E+000
 readnl: qsplit        =            1
 readnl: vertical remap frequency rsplit (0=disabled):            0
 readnl: physics       =            0
 readnl: energy_fixer  =            0
 readnl: runtype       =            0
 weak form hyper viscsosity subcycle, tracer subcycle =            1           1
 Equivalent ne in fine region =           -1
viscosity:  nu (vor/div) =  0.15E+16 0.15E+16
viscosity:  nu_s      =  0.15E+16
viscosity:  nu_q      =  0.15E+16
viscosity:  nu_p      =  0.00E+00
viscosity:  nu_top      =  0.00E+00
   analysis: output_prefix = 
   analysis: io_stride =            1
   analysis: num_io_procs =           16
  analysis interpolation =  T T T T T T T T
  analysis interp nlat =          360
  analysis interp nlon =          720
  analysis interp gridtype =            2
  analysis interpolation type =            0
  total simulated time =    1296000.00000000     
 ============================================
 ============================================
 ============================================
 sum of Gaussian weights=   2.00000000000000     
 ============================================
 ============================================
 ============================================
 ============================================
 sum of Gauss-Lobatto weights=   2.00000000000000     
 ============================================
 Main:NThreads=           1
Average equatorial node spacing (deg, km) =  1.000  111.28
dx for CFL (smallest scale per elem): ave,min,max =    91.47   74.19  110.98
dx for hypervis (largest scale per elem): ave,min,max =   113.68  111.28  128.50
dx based on sqrt element area: ave,min,max =   102.53   94.78  111.23
CFL estimates in terms of S=time step stability region
(i.e. advection w/leapfrog: S=1, viscosity w/forward Euler: S=2)
 transfer function type in homme=bv      
 filter type            in homme=taylor  
Tp(:) =   1.000000  1.000000  1.000000  0.000000
  0.000000000000000E+000 mass          =  0.000000000000000E+000
  0.000000000000000E+000 total energy  =  0.000000000000000E+000
  0.000000000000000E+000 pot enstrophy =  0.000000000000000E+000
  0.000000000000000E+000 vorticity     =  2.655049021807623E-022
  0.000000000000000E+000 divergence    = -6.550689080470983E-022
  0.000000000000000E+000 RMS divergence=  9.937089689922927E-012
 writing coordinates to ios=           1
  u=    0.122464679914735E-14   0.200000000000000E+02   0.136104395645277E+07
  v=   -0.177635683940025E-14   0.177635683940025E-14  -0.230829244607378E-12
  p=    0.499134780586896E+04   0.237996246055828E+05   0.500218657529789E+09
 sqrt(g(h0+max(h)) =    286.782736937883     
  u=    0.122882536730063E-14   0.200000000115916E+02   0.136104395664766E+07
  v=   -0.176313464272937E-05   0.176313464095301E-05   0.103153571284219E-11
  p=    0.499134780682323E+04   0.238001943108041E+05   0.500218657529789E+09
 sqrt(g(h0+max(h)) =    286.783730205889     
level =  1  M-M0/M0      = 0.0000E+00 dM/dt   /M  =  0.000000E+00
ENS-ENS0/ENS0= 0.2064E-09 dENS/dt /ENS=  0.229363E-11
E-E0/E0      = 0.2561E-09 dE/dt   /E  =  0.284542E-11  (-0.1577E-14, 0.2847E-11)
                       Dissipation/E  = -0.193970E-12
PV-PV0       = 0.1159E-21 dPV/dt      =  0.128724E-23 |vor|/|f|= 0.430165E-01
DV-DV0       =-0.4752E-22 dDV/dt      = -0.527997E-24 |div|/|f|= 0.171637E-06
   1.00000000000000      mass          =  1.618408072027614E-016
   1.00000000000000      total energy  = -4.692214948669422E-008
   1.00000000000000      pot enstrophy = -1.277676255656497E-006
   1.00000000000000      vorticity     =  3.247672450051682E-022
   1.00000000000000      divergence    = -4.925764734587271E-022
   1.00000000000000      RMS divergence=  4.838208156796830E-007
         960 time=   1.00000000000000       days
  u=   -0.580593971662789E-01   0.261311436588659E+02   0.135601077933292E+07
  v=   -0.166004670016872E+02   0.106947917204309E+02  -0.163383854156072E+03
  p=    0.499102887097705E+04   0.238242814770357E+05   0.500227506471263E+09
 sqrt(g(h0+max(h)) =    286.825722481502     
level =  1  M-M0/M0      = 0.1618E-15 dM/dt   /M  =  0.187511E-20
ENS-ENS0/ENS0=-0.1278E-05 dENS/dt /ENS= -0.148058E-10
E-E0/E0      =-0.4692E-07 dE/dt   /E  = -0.546614E-12  ( 0.1870E-09,-0.1875E-09)
                       Dissipation/E  = -0.103577E-11
PV-PV0       =-0.1009E-21 dPV/dt      = -0.251143E-26 |vor|/|f|= 0.507180E-01
DV-DV0       =-0.4027E-22 dDV/dt      =  0.839404E-28 |div|/|f|= 0.574877E-02
   2.00000000000000      mass          =  1.618408072027614E-016
   2.00000000000000      total energy  = -1.848181388901747E-007
   2.00000000000000      pot enstrophy = -4.804977124769355E-006
   2.00000000000000      vorticity     =  3.419158958095921E-022
   2.00000000000000      divergence    = -4.645336408841082E-022
   2.00000000000000      RMS divergence=  4.492301382123818E-007
        1920 time=   2.00000000000000       days
  u=   -0.211639757931019E+00   0.325027250338986E+02   0.134601387450262E+07
  v=   -0.198013564412959E+02   0.206770781741813E+02  -0.196315280959040E+04
  p=    0.499097836641156E+04   0.238198263958727E+05   0.500237669843642E+09
 sqrt(g(h0+max(h)) =    286.817956194993     
level =  1  M-M0/M0      = 0.1618E-15 dM/dt   /M  =  0.000000E+00
ENS-ENS0/ENS0=-0.4805E-05 dENS/dt /ENS= -0.408254E-10
E-E0/E0      =-0.1848E-06 dE/dt   /E  = -0.159602E-11  ( 0.3097E-09,-0.3113E-09)
                       Dissipation/E  = -0.206427E-11
PV-PV0       =-0.2916E-21 dPV/dt      = -0.220669E-26 |vor|/|f|= 0.612142E-01
DV-DV0       = 0.1907E-21 dDV/dt      =  0.267281E-26 |div|/|f|= 0.533824E-02
   3.00000000000000      mass          =  1.618408072027614E-016
   3.00000000000000      total energy  = -3.853354221148199E-007
   3.00000000000000      pot enstrophy = -9.679776548702842E-006
   3.00000000000000      vorticity     =  2.478331873623954E-022
   3.00000000000000      divergence    = -3.727327126679110E-022
   3.00000000000000      RMS divergence=  4.029854609846758E-007
        2880 time=   3.00000000000000       days
  u=   -0.254118642371917E+00   0.340415193553896E+02   0.133432756141273E+07
  v=   -0.197875748951727E+02   0.227747554560377E+02  -0.352953024568508E+04
  p=    0.499088667495930E+04   0.238183257807436E+05   0.500256524158020E+09
 sqrt(g(h0+max(h)) =    286.815340211683     
level =  1  M-M0/M0      = 0.1618E-15 dM/dt   /M  =  0.000000E+00
ENS-ENS0/ENS0=-0.9680E-05 dENS/dt /ENS= -0.564218E-10
E-E0/E0      =-0.3853E-06 dE/dt   /E  = -0.232080E-11  ( 0.2155E-09,-0.2178E-09)
                       Dissipation/E  = -0.261082E-11
PV-PV0       =-0.3196E-21 dPV/dt      = -0.323887E-27 |vor|/|f|= 0.690630E-01
DV-DV0       = 0.3380E-21 dDV/dt      =  0.170491E-26 |div|/|f|= 0.478936E-02
   4.00000000000000      mass          =  1.618408072027614E-016
   4.00000000000000      total energy  = -6.332744425950910E-007
   4.00000000000000      pot enstrophy = -1.495070394474776E-005
   4.00000000000000      vorticity     =  4.489482151793417E-022
   4.00000000000000      divergence    = -5.058906787854622E-022
   4.00000000000000      RMS divergence=  4.272196365355388E-007
        3840 time=   4.00000000000000       days
  u=   -0.188070239648808E+00   0.339913812838924E+02   0.132218468698298E+07
  v=   -0.199959394221448E+02   0.208544115156080E+02  -0.345410155950253E+04
  p=    0.499130791427666E+04   0.238159706835756E+05   0.500258889565012E+09
 sqrt(g(h0+max(h)) =    286.811234583961     
level =  1  M-M0/M0      = 0.1618E-15 dM/dt   /M  =  0.000000E+00
ENS-ENS0/ENS0=-0.1495E-04 dENS/dt /ENS= -0.610070E-10
E-E0/E0      =-0.6333E-06 dE/dt   /E  = -0.286967E-11  ( 0.1318E-09,-0.1347E-09)
                       Dissipation/E  = -0.319682E-11
PV-PV0       =-0.1873E-21 dPV/dt      =  0.153053E-26 |vor|/|f|= 0.758649E-01
DV-DV0       = 0.7714E-22 dDV/dt      = -0.301879E-26 |div|/|f|= 0.507688E-02
   5.00000000000000      mass          =  1.618408072027614E-016
   5.00000000000000      total energy  = -9.302102966779935E-007
   5.00000000000000      pot enstrophy = -2.119163636569728E-005
   5.00000000000000      vorticity     =  2.667431696135488E-022
   5.00000000000000      divergence    = -4.627313328185948E-022
   5.00000000000000      RMS divergence=  4.561014456552581E-007
        4800 time=   5.00000000000000       days
  u=   -0.158250933462481E+00   0.345388839628401E+02   0.131087974329664E+07
  v=   -0.201614049595858E+02   0.200085387892409E+02  -0.260704318208405E+04
  p=    0.499154121529973E+04   0.238240392714681E+05   0.500262316249478E+09
 sqrt(g(h0+max(h)) =    286.825300263886     
level =  1  M-M0/M0      = 0.1618E-15 dM/dt   /M  =  0.000000E+00
ENS-ENS0/ENS0=-0.2119E-04 dENS/dt /ENS= -0.722345E-10
E-E0/E0      =-0.9302E-06 dE/dt   /E  = -0.343676E-11  ( 0.1792E-09,-0.1826E-09)
                       Dissipation/E  = -0.373676E-11
PV-PV0       =-0.2216E-21 dPV/dt      = -0.396416E-27 |vor|/|f|= 0.824601E-01
DV-DV0       = 0.8298E-22 dDV/dt      =  0.676722E-28 |div|/|f|= 0.541987E-02
   6.00000000000000      mass          =  3.236816144055229E-016
   6.00000000000000      total energy  = -1.273521428987182E-006
   6.00000000000000      pot enstrophy = -2.802073236330841E-005
   6.00000000000000      vorticity     =  3.677261511319870E-022
   6.00000000000000      divergence    = -5.462971458617393E-022
   6.00000000000000      RMS divergence=  5.031459502045393E-007
        5760 time=   6.00000000000000       days
  u=   -0.249550044050561E+00   0.355845019612968E+02   0.130012975890503E+07
  v=   -0.213914329499116E+02   0.188788589166350E+02  -0.340350456322924E+04
  p=    0.499328597301596E+04   0.238223184067734E+05   0.500265823525517E+09
 sqrt(g(h0+max(h)) =    286.822300400045     
level =  1  M-M0/M0      = 0.3237E-15 dM/dt   /M  =  0.187316E-20
ENS-ENS0/ENS0=-0.2802E-04 dENS/dt /ENS= -0.790427E-10
E-E0/E0      =-0.1274E-05 dE/dt   /E  = -0.397351E-11  ( 0.1613E-09,-0.1653E-09)
                       Dissipation/E  = -0.422190E-11
PV-PV0       =-0.2378E-22 dPV/dt      =  0.228922E-26 |vor|/|f|= 0.882331E-01
DV-DV0       =-0.2351E-21 dDV/dt      = -0.368164E-26 |div|/|f|= 0.597852E-02
   7.00000000000000      mass          =  3.236816144055229E-016
   7.00000000000000      total energy  = -1.661509192176974E-006
   7.00000000000000      pot enstrophy = -3.466034716877170E-005
   7.00000000000000      vorticity     =  2.972818284843774E-022
   7.00000000000000      divergence    = -3.153514499324982E-022
   7.00000000000000      RMS divergence=  5.228271221779423E-007
        6720 time=   7.00000000000000       days
  u=   -0.320695633502265E+00   0.367898639826398E+02   0.128951709339125E+07
  v=   -0.220028453721706E+02   0.182177481034410E+02  -0.475317785394419E+04
  p=    0.498135810158142E+04   0.238210278215819E+05   0.500247641777114E+09
 sqrt(g(h0+max(h)) =    286.820050591973     
level =  1  M-M0/M0      = 0.3237E-15 dM/dt   /M  =  0.000000E+00
ENS-ENS0/ENS0=-0.3466E-04 dENS/dt /ENS= -0.768501E-10
E-E0/E0      =-0.1662E-05 dE/dt   /E  = -0.449061E-11  ( 0.2645E-09,-0.2689E-09)
                       Dissipation/E  = -0.478867E-11
PV-PV0       =-0.9724E-23 dPV/dt      =  0.162634E-27 |vor|/|f|= 0.938125E-01
DV-DV0       = 0.2754E-21 dDV/dt      =  0.590908E-26 |div|/|f|= 0.621238E-02
   8.00000000000000      mass          =  3.236816144055229E-016
   8.00000000000000      total energy  = -2.095969537006569E-006
   8.00000000000000      pot enstrophy = -4.122830636423132E-005
   8.00000000000000      vorticity     =  3.575294562631538E-022
   8.00000000000000      divergence    = -4.928019070098390E-022
   8.00000000000000      RMS divergence=  5.514231552130765E-007
        7680 time=   8.00000000000000       days
  u=   -0.925845886193625E+00   0.377044891448081E+02   0.127873571802201E+07
  v=   -0.231912658488157E+02   0.182610981775680E+02  -0.487938525381590E+04
  p=    0.495225575054805E+04   0.238074365982534E+05   0.500246100045910E+09
 sqrt(g(h0+max(h)) =    286.796356668374     
level =  1  M-M0/M0      = 0.3237E-15 dM/dt   /M  =  0.000000E+00
ENS-ENS0/ENS0=-0.4123E-04 dENS/dt /ENS= -0.760212E-10
E-E0/E0      =-0.2096E-05 dE/dt   /E  = -0.502849E-11  ( 0.3708E-09,-0.3759E-09)
                       Dissipation/E  = -0.534021E-11
PV-PV0       = 0.3833E-21 dPV/dt      =  0.454902E-26 |vor|/|f|= 0.992496E-01
DV-DV0       =-0.7395E-22 dDV/dt      = -0.404374E-26 |div|/|f|= 0.655210E-02
   9.00000000000000      mass          =  4.855224216082844E-016
   9.00000000000000      total energy  = -2.579456233596040E-006
   9.00000000000000      pot enstrophy = -4.850772854887578E-005
   9.00000000000000      vorticity     =  2.708818485381761E-022
   9.00000000000000      divergence    = -5.755462240579073E-022
   9.00000000000000      RMS divergence=  5.531867135564477E-007
        8640 time=   9.00000000000000       days
  u=   -0.267035545657025E+01   0.378650006755284E+02   0.126819804054054E+07
  v=   -0.230971211399502E+02   0.192251241404616E+02  -0.392948115882139E+04
  p=    0.493414356891829E+04   0.237980993559823E+05   0.500239025902457E+09
 sqrt(g(h0+max(h)) =    286.780077683200     
level =  1  M-M0/M0      = 0.4855E-15 dM/dt   /M  =  0.187316E-20
ENS-ENS0/ENS0=-0.4851E-04 dENS/dt /ENS= -0.842567E-10
E-E0/E0      =-0.2579E-05 dE/dt   /E  = -0.559593E-11  ( 0.5083E-09,-0.5139E-09)
                       Dissipation/E  = -0.591430E-11
PV-PV0       =-0.6450E-21 dPV/dt      = -0.119014E-25 |vor|/|f|= 0.104526E+00
DV-DV0       =-0.1058E-21 dDV/dt      = -0.368423E-27 |div|/|f|= 0.657309E-02
   10.0000000000000      mass          =  4.855224216082844E-016
   10.0000000000000      total energy  = -3.114456354847105E-006
   10.0000000000000      pot enstrophy = -5.679753875453817E-005
   10.0000000000000      vorticity     =  2.430554793898870E-022
   10.0000000000000      divergence    = -4.243112822102708E-022
   10.0000000000000      RMS divergence=  5.532499253357318E-007
        9600 time=   10.0000000000000       days
  u=   -0.401254915754291E+01   0.384318255307551E+02   0.125670458299424E+07
  v=   -0.223993063750798E+02   0.190165702278352E+02  -0.436781141145876E+04
  p=    0.491650225366586E+04   0.237780416435176E+05   0.500237226531104E+09
 sqrt(g(h0+max(h)) =    286.745105003586     
level =  1  M-M0/M0      = 0.4855E-15 dM/dt   /M  =  0.000000E+00
ENS-ENS0/ENS0=-0.5680E-04 dENS/dt /ENS= -0.959523E-10
E-E0/E0      =-0.3114E-05 dE/dt   /E  = -0.619215E-11  ( 0.5532E-09,-0.5594E-09)
                       Dissipation/E  = -0.650632E-11
PV-PV0       =-0.7076E-22 dPV/dt      =  0.664594E-26 |vor|/|f|= 0.109649E+00
DV-DV0       = 0.1544E-21 dDV/dt      =  0.301147E-26 |div|/|f|= 0.657387E-02
   11.0000000000000      mass          =  4.855224216082844E-016
   11.0000000000000      total energy  = -3.700452783765386E-006
   11.0000000000000      pot enstrophy = -6.597682353987419E-005
   11.0000000000000      vorticity     =  1.716600056199587E-022
   11.0000000000000      divergence    = -3.706221572863932E-022
   11.0000000000000      RMS divergence=  5.567047982665316E-007
       10560 time=   11.0000000000000       days
  u=   -0.559199768166597E+01   0.389123069387293E+02   0.124576252325817E+07
  v=   -0.226194424074286E+02   0.184993356057773E+02  -0.562845961272431E+04
  p=    0.492283469791336E+04   0.237963745345054E+05   0.500238501624212E+09
 sqrt(g(h0+max(h)) =    286.777070447596     
level =  1  M-M0/M0      = 0.4855E-15 dM/dt   /M  =  0.000000E+00
ENS-ENS0/ENS0=-0.6598E-04 dENS/dt /ENS= -0.106249E-09
E-E0/E0      =-0.3700E-05 dE/dt   /E  = -0.678239E-11  ( 0.5755E-09,-0.5823E-09)
                       Dissipation/E  = -0.710449E-11
PV-PV0       = 0.3837E-22 dPV/dt      =  0.126304E-26 |vor|/|f|= 0.114375E+00
DV-DV0       = 0.1793E-21 dDV/dt      =  0.288401E-27 |div|/|f|= 0.661498E-02
   12.0000000000000      mass          =  4.855224216082844E-016
   12.0000000000000      total energy  = -4.340260690441477E-006
   12.0000000000000      pot enstrophy = -7.639306579226663E-005
   12.0000000000000      vorticity     =  1.599272240266347E-022
   12.0000000000000      divergence    = -4.747386535141431E-022
   12.0000000000000      RMS divergence=  5.404897082970734E-007
       11520 time=   12.0000000000000       days
  u=   -0.735234050111984E+01   0.389844208089334E+02   0.123429623476957E+07
  v=   -0.234378488273908E+02   0.193222284536770E+02  -0.477525290997149E+04
  p=    0.492206587481479E+04   0.237855451915025E+05   0.500244267481850E+09
 sqrt(g(h0+max(h)) =    286.758188708714     
level =  1  M-M0/M0      = 0.4855E-15 dM/dt   /M  =  0.000000E+00
ENS-ENS0/ENS0=-0.7639E-04 dENS/dt /ENS= -0.120568E-09
E-E0/E0      =-0.4340E-05 dE/dt   /E  = -0.740522E-11  ( 0.5968E-09,-0.6042E-09)
                       Dissipation/E  = -0.775199E-11
PV-PV0       =-0.1057E-21 dPV/dt      = -0.166774E-26 |vor|/|f|= 0.118894E+00
DV-DV0       = 0.9174E-22 dDV/dt      = -0.101375E-26 |div|/|f|= 0.642257E-02
   13.0000000000000      mass          =  4.855224216082844E-016
   13.0000000000000      total energy  = -5.039500551673700E-006
   13.0000000000000      pot enstrophy = -8.872111648414925E-005
   13.0000000000000      vorticity     =  1.923287801721430E-022
   13.0000000000000      divergence    = -3.370292566786713E-022
   13.0000000000000      RMS divergence=  5.900271033657841E-007
       12480 time=   13.0000000000000       days
  u=   -0.859019283855818E+01   0.389522922281635E+02   0.122239716939767E+07
  v=   -0.247636570423664E+02   0.206037179371993E+02  -0.319074270156291E+04
  p=    0.492912375737539E+04   0.237855977806827E+05   0.500239349131356E+09
 sqrt(g(h0+max(h)) =    286.758280404739     
level =  1  M-M0/M0      = 0.4855E-15 dM/dt   /M  =  0.000000E+00
ENS-ENS0/ENS0=-0.8872E-04 dENS/dt /ENS= -0.142698E-09
E-E0/E0      =-0.5040E-05 dE/dt   /E  = -0.809309E-11  ( 0.6608E-09,-0.6689E-09)
                       Dissipation/E  = -0.846380E-11
PV-PV0       =-0.1519E-22 dPV/dt      =  0.104779E-26 |vor|/|f|= 0.123293E+00
DV-DV0       = 0.2474E-21 dDV/dt      =  0.180118E-26 |div|/|f|= 0.701081E-02
   14.0000000000000      mass          =  8.092040360138072E-016
   14.0000000000000      total energy  = -5.802187148366486E-006
   14.0000000000000      pot enstrophy = -1.034986696642961E-004
   14.0000000000000      vorticity     =  1.647560363239660E-022
   14.0000000000000      divergence    = -3.421317754232489E-022
   14.0000000000000      RMS divergence=  5.369741765480783E-007
       13440 time=   14.0000000000000       days
  u=   -0.994645844036667E+01   0.382256850977028E+02   0.120998066073599E+07
  v=   -0.244174890433551E+02   0.215460035906976E+02  -0.269242419030001E+04
  p=    0.492733378648314E+04   0.237857982930124E+05   0.500236374457158E+09
 sqrt(g(h0+max(h)) =    286.758630023601     
level =  1  M-M0/M0      = 0.8092E-15 dM/dt   /M  =  0.374631E-20
ENS-ENS0/ENS0=-0.1035E-03 dENS/dt /ENS= -0.171054E-09
E-E0/E0      =-0.5802E-05 dE/dt   /E  = -0.882744E-11  ( 0.5703E-09,-0.5792E-09)
                       Dissipation/E  = -0.920868E-11
PV-PV0       =-0.1570E-21 dPV/dt      = -0.164098E-26 |vor|/|f|= 0.127485E+00
DV-DV0       = 0.9335E-22 dDV/dt      = -0.178264E-26 |div|/|f|= 0.638107E-02
   15.0000000000000      mass          =  8.092040360138072E-016
   15.0000000000000      total energy  = -6.636102844026313E-006
   15.0000000000000      pot enstrophy = -1.215334544298060E-004
   15.0000000000000      vorticity     =  1.424036474680849E-022
   15.0000000000000      divergence    = -3.240345206774762E-022
   15.0000000000000      RMS divergence=  5.637740224419405E-007
       14400 time=   15.0000000000000       days
  u=   -0.107534334195844E+02   0.375640370660358E+02   0.119747316640232E+07
  v=   -0.240467330052683E+02   0.225183113657185E+02  -0.325797496836352E+04
  p=    0.493250215442902E+04   0.237675576126520E+05   0.500238069427305E+09
 sqrt(g(h0+max(h)) =    286.726823322570     
level =  1  M-M0/M0      = 0.8092E-15 dM/dt   /M  =  0.000000E+00
ENS-ENS0/ENS0=-0.1215E-03 dENS/dt /ENS= -0.208761E-09
E-E0/E0      =-0.6636E-05 dE/dt   /E  = -0.965187E-11  ( 0.5141E-09,-0.5238E-09)
                       Dissipation/E  = -0.100885E-10
PV-PV0       =-0.4112E-21 dPV/dt      = -0.294262E-26 |vor|/|f|= 0.131921E+00
DV-DV0       = 0.2262E-21 dDV/dt      =  0.153768E-26 |div|/|f|= 0.669926E-02
