 Reference element projection: cubed_sphere_map=           0
 readnl: accum         =          100         300         600
 readnl: topology      = cube
 readnl: test_case     = swtc2
 readnl: sub_case      =            1
 readnl: ndays         =            5
 readnl: nmax          =        14400
 readnl: qsize,qsize_d =            0           4
 readnl: ntrac,ntrac_d =            0           4
 readnl: NThreads      =            1
 readnl: ne,np         =            6           6
 readnl: partmethod    =            4
 readnl: nmpi_per_node =           16
 readnl: multilevel    =            1
 readnl: useframes     =            0
 readnl: nnodes        =            1
 readnl: npart         =           16
 readnl: test_cfldep   =  F
 readnl: integration   = explicit
 readnl: LF-trapazoidal freq=            0
 readnl: tracer_advection_formulation  =            1
 readnl: tstep_type    =            0
 readnl: vert_remap_q_alg  =            0
 readnl: tstep          =    30.0000000000000     
 readnl: ftype          =            0
 readnl: limiter_option =            0
 filter: smooth         =   5.000000000000000E-002
 readnl: qsplit        =            1
 readnl: vertical remap frequency rsplit (0=disabled):            0
 readnl: physics       =            0
 readnl: energy_fixer  =            0
 readnl: runtype       =            0
 Equivalent ne in fine region =           -1
viscosity:  nu (vor/div) =  0.70E+06 0.70E+06
viscosity:  nu_s      =  0.70E+06
viscosity:  nu_q      =  0.70E+06
viscosity:  nu_p      =  0.00E+00
viscosity:  nu_top      =  0.00E+00
 filter: viscosity (mu)  =   5.000000000000000E-002
 filter: frequency       =            1
 filter_advection: viscosity (mu)  =   5.000000000000000E-002
 filter_advection: frequency       =            0
 filter: transfer_type   = bv      
      filter: order     (p)   =    12.0000000000000     
      filter: lag coeff (s)   =   0.666666666666667     
   analysis: output_prefix = 
   analysis: io_stride =            1
   analysis: num_io_procs =           16
  analysis interpolation =  T T T T T T T T
  analysis interp nlat =          360
  analysis interp nlon =          720
  analysis interp gridtype =            2
  analysis interpolation type =            0
 dg: riemanntype=           0
 dg: alphatype=           4
 dg: alpha    =  0.785398163397448     
 dg: staqge_rk=           3
  total simulated time =    432000.000000000     
 ============================================
 ============================================
 ============================================
 sum of Gaussian weights=   2.00000000000000     
 ============================================
 ============================================
 ============================================
 ============================================
 sum of Gauss-Lobatto weights=   2.00000000000000     
 ============================================
 Main:NThreads=           1
Average equatorial node spacing (deg, km) =  3.000  333.85
dx for CFL (smallest scale per elem): ave,min,max =   256.63  222.56  312.89
dx for hypervis (largest scale per elem): ave,min,max =   347.91  334.60  385.49
dx based on sqrt element area: ave,min,max =   307.58  295.08  330.17
 transfer function type in seam=bv      
 filter type            in seam=taylor  
  0.00 days  l1,l2,linf=  0.0000000E+00  0.0000000E+00  0.0000000E+00
 writing coordinates to ios=           1
           0 time=  0.000000000000000E+000  days
  u=   -0.431015578936404E+01   0.431015578936404E+01   0.156001922039113E+05
  v=   -0.444921214643864E+01   0.444921214643864E+01  -0.413002965160558E-13
 ht=    0.108997304039710E+04   0.299811547027583E+04   0.183674407186192E+08
  0.00 days  l1,l2,linf=  0.0000000E+00  0.0000000E+00  0.0000000E+00
           1 time=  3.472222222222222E-004  days
  u=    0.000000000000000E+00   0.000000000000000E+00   0.000000000000000E+00
  v=    0.000000000000000E+00   0.000000000000000E+00   0.000000000000000E+00
 ht=    0.108997304039710E+04   0.299811547027583E+04   0.183674407186192E+08
  1.00 days  l1,l2,linf=  0.1642892E-03  0.1826498E-03  0.2786460E-03
        2880 time=   1.00000000000000       days
  u=   -0.273117357699233E+02   0.386242695572581E+02   0.167113452057799E+06
  v=   -0.273123437959470E+02   0.273123627625339E+02   0.707812004523873E-01
 ht=    0.108948346224601E+04   0.299770801761914E+04   0.183673041332476E+08
  2.00 days  l1,l2,linf=  0.3251404E-03  0.3638129E-03  0.6065646E-03
        5760 time=   2.00000000000000       days
  u=   -0.273028832027955E+02   0.385984307812917E+02   0.166915426303078E+06
  v=   -0.273041129823406E+02   0.273041172089000E+02  -0.429905288892911E-01
 ht=    0.108910903833307E+04   0.299727942987525E+04   0.183671903031592E+08
  3.00 days  l1,l2,linf=  0.4831926E-03  0.5453565E-03  0.9720138E-03
        8640 time=   3.00000000000000       days
  u=   -0.272769805690447E+02   0.385461163805685E+02   0.166716479676144E+06
  v=   -0.272888807561267E+02   0.272888920933938E+02   0.214554710023663E+00
 ht=    0.108876244283341E+04   0.299678018800429E+04   0.183670796840075E+08
  4.00 days  l1,l2,linf=  0.6387791E-03  0.7273460E-03  0.1348439E-02
       11520 time=   4.00000000000000       days
  u=   -0.272518763088972E+02   0.384891843357751E+02   0.166516171291125E+06
  v=   -0.272683360208598E+02   0.272683304570920E+02   0.311878425290061E+00
 ht=    0.108847816397003E+04   0.299621740766199E+04   0.183669714986090E+08
  5.00 days  l1,l2,linf=  0.7933690E-03  0.9095244E-03  0.1737050E-02
       14400 time=   5.00000000000000       days
  u=   -0.272267748155686E+02   0.384389951966692E+02   0.166315344495250E+06
  v=   -0.272446314803374E+02   0.272446673280318E+02   0.560837795488723E+00
 ht=    0.108818643276544E+04   0.299569554343142E+04   0.183668638197635E+08
