   vform =
   vfile_mid=
   vfile_int=
 Reference element projection: cubed_sphere_map=           0
 readnl: accum         =            0           0           0
 readnl: topology      = cube
 readnl: test_case     = asp_baroclinic
 readnl: sub_case      =            1
 readnl: ndays         =            9
 readnl: nmax          =         5184
 readnl: qsize,qsize_d =            4           4
 readnl: ntrac,ntrac_d =            0           4
 readnl: NThreads      =            1
 readnl: ne,np         =           15           4
 readnl: partmethod    =            4
 readnl: nmpi_per_node =           24
 readnl: multilevel    =            1
 readnl: useframes     =            0
 readnl: nnodes        =            1
 readnl: npart         =           24
 readnl: test_cfldep   =  F
 readnl: integration   = explicit
 readnl: LF-trapazoidal freq=            0
 readnl: rk_stage_user   =            3
 readnl: tracer_advection_formulation  =            1
 readnl: tstep_type    =            1
 readnl: vert_remap_q_alg  =            0
 readnl: tstep          =    150.000000000000     
 readnl: ftype          =            0
 readnl: limiter_option =            8
 filter: smooth         =   5.000000000000000E-002
 readnl: qsplit        =            4
 readnl: vertical remap frequency rsplit (0=disabled):            0
 readnl: physics       =            0
 readnl: energy_fixer  =           -1
 readnl: runtype       =            0
 weak form hyper viscsosity subcycle, tracer subcycle =            2           1
 Equivalent ne in fine region =           -1
viscosity:  nu (vor/div) =  0.10E+17 0.25E+17
viscosity:  nu_s      =  0.10E+17
viscosity:  nu_q      =  0.10E+17
viscosity:  nu_p      =  0.10E+17
viscosity:  nu_top      =  0.00E+00
 cooling:  cool_ampl             =   0.000000000000000E+000
 cooling:  cool_min              =   0.000000000000000E+000
 cooling:  cool_max              =   0.000000000000000E+000
 moisture: qv_flag               =            0
 moisture: qv_pert_flag          =            0
 moisture: qv_pert_ampl          =   0.000000000000000E+000
 moisture: qv_pert_zmin          =   0.000000000000000E+000
 moisture: qv_pert_zmax          =   0.000000000000000E+000
 surface:  isrf_forc             =            0
 surface:  h_dis                 =   0.000000000000000E+000
 surface:  Cdrag                 =   0.000000000000000E+000
 surface:  wstar                 =   0.000000000000000E+000
 surface:  tsurf                 =   0.000000000000000E+000
 surface:  qsurf                 =   0.000000000000000E+000
 wind:     u0                    =   0.000000000000000E+000
 absorber: zabsampl              =   0.000000000000000E+000
 absorber: zabsmid               =   0.000000000000000E+000
 absorber: zabsmin               =   0.000000000000000E+000
 noise   : noisef  0 off,  >0 on =            0
   analysis: output_prefix = 
   analysis: io_stride =            8
   analysis: num_io_procs =            3
  analysis interpolation =  T T T T T T T T
  analysis interp nlat =          128
  analysis interp nlon =          256
  analysis interp gridtype =            2
  analysis interpolation type =            0
  total simulated time =    777600.000000000     
 ============================================
 ============================================
 ============================================
 sum of Gaussian weights=   2.00000000000000     
 ============================================
 ============================================
 ============================================
 ============================================
 sum of Gauss-Lobatto weights=   2.00000000000000     
 ============================================
 re-initializing cube elements: area correction= 0.99999999996383226
component   1 length= 2496 displacement=      0
component   2 length= 1248 displacement=  19968
component   3 length=   48 displacement=  29952
component   4 length=   48 displacement=  30336
component   5 length=   16 displacement=  30720
component   6 length= 1664 displacement=  30848
component   7 length= 3328 displacement=  44160
component   8 length= 1248 displacement=  70784
 Main:NThreads=           1
 Main:n_domains =            1
Average equatorial node spacing (deg, km) =  2.000  222.56
dx for CFL (smallest scale per elem): ave,min,max =   179.98  148.38  221.96
dx for hypervis (largest scale per elem): ave,min,max =   228.29  222.57  257.00
dx based on sqrt element area: ave,min,max =   205.05  191.83  222.46
CFL estimates in terms of S=time step stability region
(i.e. advection w/leapfrog: S=1, viscosity w/forward Euler: S=2)
 nstep=           0  time=  0.000000000000000E+000  [day]
dt_remap: (0=disabled)        0.00
  u     =   0.957541715954600E-02  0.355757663030606E+02  0.888620743827832E+07
  v     =   0.000000000000000E+00  0.000000000000000E+00  0.000000000000000E+00
  omega =   0.000000000000000E+00  0.000000000000000E+00  0.000000000000000E+00
  t     =   0.209499343137893E+03  0.309683916022790E+03  0.139207676397416E+09
      qv=   0.000000000000000E+00  0.996384522061155E+00  0.107040211537146E+03
      qv=   0.000000000000000E+00  0.990905870537698E+00  0.149236642940475E+03
      qv=   0.205826736758030E-02  0.949928616660163E+00  0.926732086652133E+05
      qv=   0.100000000000000E+01  0.100000000000000E+01  0.561600000000000E+06
      ps=   0.100000000000000E+06  0.100000000000000E+06  0.216000000000000E+10
      M =   0.101976716676049E+05 kg/m^2  0.100000000000000E+06 mb     
 writing coordinates to ios=           1
 writing coordinates to ios=           2
 nstep=         576  time=   1.00000000000000       [day]
  u     =  -0.509787686874440E-01  0.351279385138134E+02  0.889133020825850E+07
  v     =  -0.363138393309210E+00  0.292910289981109E+00 -0.751937995257095E+03
  omega =  -0.404865560105419E-06  0.478315953120823E-06  0.370500572353501E-04
  t     =   0.209482798695506E+03  0.309704573305758E+03  0.139207744551401E+09
      qv=  -0.581861443002424E-24  0.833250217912316E+00  0.104939654793871E+03
      qv=  -0.139527107806935E-25  0.865484471170973E+00  0.146986372379392E+03
      qv=   0.214775067709976E-02  0.947834054378805E+00  0.926690786721772E+05
      qv=   0.999999999999789E+00  0.100000000000020E+01  0.561600000000000E+06
      ps=   0.999646451983901E+05  0.100029808403227E+06  0.216000111783166E+10
      M =   0.101976716676049E+05 kg/m^2  0.100000000000000E+06 mb     
 nstep=        1152  time=   2.00000000000000       [day]
  u     =  -0.171223305847886E-01  0.351009676561812E+02  0.888702272022703E+07
  v     =  -0.507077081094033E+00  0.355391088633529E+00  0.522278151970390E+03
  omega =  -0.320293256094662E-06  0.390377609261175E-06 -0.967643484008184E-05
  t     =   0.209484861515638E+03  0.309699117952482E+03  0.139207726302370E+09
      qv=  -0.937603663345639E-24  0.755683414535175E+00  0.108383059543589E+03
      qv=  -0.364068494139635E-22  0.780330205253708E+00  0.146077635069286E+03
      qv=   0.217956622840589E-02  0.946901594367903E+00  0.926745177091049E+05
      qv=   0.999999999999750E+00  0.100000000000023E+01  0.561600000000000E+06
      ps=   0.999444541835642E+05  0.100023320466543E+06  0.216000015049451E+10
      M =   0.101976716676049E+05 kg/m^2  0.100000000000000E+06 mb     
 nstep=        1728  time=   3.00000000000000       [day]
  u     =  -0.390717724599050E-01  0.351039226119001E+02  0.888626428397019E+07
  v     =  -0.971462245876879E+00  0.668175028569516E+00  0.628165516872337E+03
  omega =  -0.418168704813452E-06  0.309461202939759E-06 -0.136060697512383E-03
  t     =   0.209492374621573E+03  0.309701958227366E+03  0.139207521174893E+09
      qv=  -0.311354573146029E-27  0.699938864284763E+00  0.106117396668338E+03
      qv=  -0.220299994776601E-29  0.729407381062917E+00  0.147026913125105E+03
      qv=   0.220058405933368E-02  0.946269929136536E+00  0.926758418527671E+05
      qv=   0.999999999999728E+00  0.100000000000025E+01  0.561600000000000E+06
      ps=   0.998941751996567E+05  0.100045930923014E+06  0.215999917143903E+10
      M =   0.101976716676049E+05 kg/m^2  0.100000000000000E+06 mb     
 nstep=        2304  time=   4.00000000000000       [day]
  u     =  -0.102247614712129E-01  0.351079474093195E+02  0.888683408136973E+07
  v     =  -0.186697483682474E+01  0.127100445075979E+01 -0.100308118679858E+04
  omega =  -0.277665379769249E-06  0.333691763452168E-06  0.609034891183966E-04
  t     =   0.209475163400855E+03  0.309702719339973E+03  0.139207678759328E+09
      qv=  -0.400462949479953E-21  0.659021042462565E+00  0.106161744099780E+03
      qv=  -0.555624549747394E-27  0.694459700104892E+00  0.148791862196466E+03
      qv=   0.221650655321100E-02  0.945790822853401E+00  0.926772811050771E+05
      qv=   0.999999999999710E+00  0.100000000000028E+01  0.561600000000000E+06
      ps=   0.998428533137918E+05  0.100098853671479E+06  0.215999891963355E+10
      M =   0.101976716676049E+05 kg/m^2  0.100000000000000E+06 mb     
 nstep=        2880  time=   5.00000000000000       [day]
  u     =  -0.171424095924292E-02  0.351413298653094E+02  0.888617090601765E+07
  v     =  -0.348511109984136E+01  0.274451798413826E+01 -0.556837693372658E+03
  omega =  -0.328803856664690E-06  0.369143056821312E-06 -0.600239129337559E-04
  t     =   0.209491986103459E+03  0.309702594345933E+03  0.139207480262341E+09
      qv=  -0.128599923046003E-23  0.621199639265034E+00  0.107963088092234E+03
      qv=  -0.897788002433880E-30  0.659762250745504E+00  0.150451416173334E+03
      qv=   0.222905460612673E-02  0.945402311698520E+00  0.926801837355006E+05
      qv=   0.999999999999710E+00  0.100000000000028E+01  0.561600000000000E+06
      ps=   0.997081368147324E+05  0.100204467726520E+06  0.216000109010055E+10
      M =   0.101976716676049E+05 kg/m^2  0.100000000000000E+06 mb     
 nstep=        3456  time=   6.00000000000000       [day]
  u     =  -0.745775421849028E-02  0.353456671732171E+02  0.888765167566342E+07
  v     =  -0.632751660203742E+01  0.579931418167355E+01  0.855364051694674E+03
  omega =  -0.696913526586129E-06  0.687754916665288E-06  0.105548872909672E-03
  t     =   0.209481344973945E+03  0.309702808300534E+03  0.139207377263710E+09
      qv=  -0.977726603095072E-25  0.581363216294088E+00  0.106586471648555E+03
      qv=  -0.658196178235675E-30  0.635102123689718E+00  0.151453441456909E+03
      qv=   0.223940648084382E-02  0.945086971766567E+00  0.926820746963013E+05
      qv=   0.999999999999709E+00  0.100000000000029E+01  0.561600000000000E+06
      ps=   0.994512984044020E+05  0.100407475809843E+06  0.216000203677971E+10
      M =   0.101976716676049E+05 kg/m^2  0.100000000000001E+06 mb     
 nstep=        4032  time=   7.00000000000000       [day]
  u     =  -0.838166026748548E-02  0.357330437122989E+02  0.889046505539937E+07
  v     =  -0.107212413955194E+02  0.117990349544111E+02 -0.236593254688558E+03
  omega =  -0.149694256168158E-05  0.111099073129248E-05  0.884642238807855E-05
  t     =   0.209482594810405E+03  0.309702903033243E+03  0.139206573881331E+09
      qv=  -0.454593046509094E-28  0.552762790975066E+00  0.107611110057774E+03
      qv=  -0.145479005938124E-24  0.612891349176483E+00  0.151202786869978E+03
      qv=   0.224798504080036E-02  0.944819464205622E+00  0.926872269739671E+05
      qv=   0.999999999999682E+00  0.100000000000028E+01  0.561600000000000E+06
      ps=   0.988985231209141E+05  0.100731306199768E+06  0.216000390635839E+10
      M =   0.101976716676049E+05 kg/m^2  0.100000000000001E+06 mb     
 nstep=        4608  time=   8.00000000000000       [day]
  u     =  -0.535786052572352E+01  0.363992463112757E+02  0.888630894901154E+07
  v     =  -0.155884619118317E+02  0.244013565308184E+02 -0.104391534157025E+04
  omega =  -0.300689264868384E-05  0.165111387780195E-05  0.149165972191250E-04
  t     =   0.209486000254696E+03  0.309701551472755E+03  0.139203251397324E+09
      qv=  -0.869179223290880E-28  0.521055829558985E+00  0.107994086557077E+03
      qv=  -0.386457100794519E-30  0.593643017202909E+00  0.151033512005782E+03
      qv=   0.225577625815449E-02  0.944619447949836E+00  0.927264588001683E+05
      qv=   0.999999999999705E+00  0.100000000000033E+01  0.561600000000000E+06
      ps=   0.977373583421991E+05  0.101182991157685E+06  0.216001094492468E+10
      M =   0.101976716676049E+05 kg/m^2  0.100000000000001E+06 mb     
 nstep=        5184  time=   9.00000000000000       [day]
  u     =  -0.211261057738930E+02  0.377434100820550E+02  0.888268469138209E+07
  v     =  -0.227521903089067E+02  0.378542206126472E+02  0.137161913494650E+04
  omega =  -0.610241385210966E-05  0.315964031924366E-05 -0.331538865802537E-03
  t     =   0.209472988830944E+03  0.309707371229566E+03  0.139195239751675E+09
      qv=  -0.249937058186536E-28  0.488383916534932E+00  0.107844371231501E+03
      qv=  -0.930580467367894E-23  0.576850317503740E+00  0.150997222402896E+03
      qv=   0.226249974289511E-02  0.944547304781162E+00  0.928245562425011E+05
      qv=   0.999999999999675E+00  0.100000000000037E+01  0.561600000000000E+06
      ps=   0.956010218783756E+05  0.101807655233796E+06  0.216003591959454E+10
      M =   0.101976716676049E+05 kg/m^2  0.100000000000001E+06 mb     
