   vform =
   vfile_mid=
   vfile_int=
 Reference element projection: cubed_sphere_map=           0
 readnl: accum         =           -1         200        1200
 readnl: topology      = cube
 readnl: test_case     = asp_baroclinic
 readnl: sub_case      =            1
 readnl: ndays         =            9
 readnl: nmax          =         5184
 readnl: qsize,qsize_d =            4           4
 readnl: ntrac,ntrac_d =            0           4
 readnl: NThreads      =            1
 readnl: ne,np         =           15           4
 readnl: partmethod    =            4
 readnl: nmpi_per_node =           24
 readnl: multilevel    =            1
 readnl: useframes     =            0
 readnl: nnodes        =            1
 readnl: npart         =           24
 readnl: test_cfldep   =  F
 readnl: integration   = explicit
 readnl: LF-trapazoidal freq=            0
 readnl: rk_stage_user   =            3
 readnl: tracer_advection_formulation  =            1
 readnl: tstep_type    =            1
 readnl: vert_remap_q_alg  =            0
 readnl: tstep          =    150.000000000000     
 readnl: ftype          =            0
 readnl: limiter_option =            4
 filter: smooth         =   0.000000000000000E+000
 readnl: qsplit        =            4
 readnl: vertical remap frequency rsplit (0=disabled):            0
 readnl: physics       =            0
 readnl: energy_fixer  =           -1
 readnl: runtype       =            0
 weak form hyper viscsosity subcycle, tracer subcycle =            1           1
 Equivalent ne in fine region =           -1
viscosity:  nu (vor/div) =  0.10E+17 0.10E+17
viscosity:  nu_s      =  0.10E+17
viscosity:  nu_q      =  0.10E+17
viscosity:  nu_p      =  0.00E+00
viscosity:  nu_top      =  0.00E+00
 cooling:  cool_ampl             =   0.000000000000000E+000
 cooling:  cool_min              =   0.000000000000000E+000
 cooling:  cool_max              =   0.000000000000000E+000
 moisture: qv_flag               =            0
 moisture: qv_pert_flag          =            0
 moisture: qv_pert_ampl          =   0.000000000000000E+000
 moisture: qv_pert_zmin          =   0.000000000000000E+000
 moisture: qv_pert_zmax          =   0.000000000000000E+000
 surface:  isrf_forc             =            0
 surface:  h_dis                 =   0.000000000000000E+000
 surface:  Cdrag                 =   0.000000000000000E+000
 surface:  wstar                 =   0.000000000000000E+000
 surface:  tsurf                 =   0.000000000000000E+000
 surface:  qsurf                 =   0.000000000000000E+000
 wind:     u0                    =   0.000000000000000E+000
 absorber: zabsampl              =   0.000000000000000E+000
 absorber: zabsmid               =   0.000000000000000E+000
 absorber: zabsmin               =   0.000000000000000E+000
 noise   : noisef  0 off,  >0 on =            0
   analysis: output_prefix = 
   analysis: io_stride =            8
   analysis: num_io_procs =            3
  analysis interpolation =  T T T T T T T T
  analysis interp nlat =          128
  analysis interp nlon =          256
  analysis interp gridtype =            2
  analysis interpolation type =            0
  total simulated time =    777600.000000000     
 ============================================
 ============================================
 ============================================
 sum of Gaussian weights=   2.00000000000000     
 ============================================
 ============================================
 ============================================
 ============================================
 sum of Gauss-Lobatto weights=   2.00000000000000     
 ============================================
 re-initializing cube elements: area correction= 0.99999999996383226
component   1 length= 2496 displacement=      0
component   2 length= 1248 displacement=  19968
component   3 length=   48 displacement=  29952
component   4 length=   48 displacement=  30336
component   5 length=   16 displacement=  30720
component   6 length= 1664 displacement=  30848
component   7 length= 3328 displacement=  44160
component   8 length= 1248 displacement=  70784
 Main:NThreads=           1
 Main:n_domains =            1
Average equatorial node spacing (deg, km) =  2.000  222.56
dx for CFL (smallest scale per elem): ave,min,max =   179.98  148.38  221.96
dx for hypervis (largest scale per elem): ave,min,max =   228.29  222.57  257.00
dx based on sqrt element area: ave,min,max =   205.05  191.83  222.46
CFL estimates in terms of S=time step stability region
(i.e. advection w/leapfrog: S=1, viscosity w/forward Euler: S=2)
 nstep=           0  time=  0.000000000000000E+000  [day]
dt_remap: (0=disabled)        0.00
  u     =   0.957541715954600E-02  0.355757663030606E+02  0.888620743827832E+07
  v     =   0.000000000000000E+00  0.000000000000000E+00  0.000000000000000E+00
  omega =   0.000000000000000E+00  0.000000000000000E+00  0.000000000000000E+00
  t     =   0.209499343137893E+03  0.309683916022790E+03  0.139207676397416E+09
      qv=   0.000000000000000E+00  0.996384522061155E+00  0.107040211537146E+03
      qv=   0.000000000000000E+00  0.990905870537698E+00  0.149236642940475E+03
      qv=   0.205826736758030E-02  0.949928616660163E+00  0.926732086652133E+05
      qv=   0.100000000000000E+01  0.100000000000000E+01  0.561600000000000E+06
      ps=   0.100000000000000E+06  0.100000000000000E+06  0.216000000000000E+10
      M =   0.101976716676049E+05 kg/m^2  0.100000000000000E+06 mb     
 writing coordinates to ios=           1
 writing coordinates to ios=           2
 nstep=         576  time=   1.00000000000000       [day]
  u     =  -0.665308858500845E-01  0.351280685089128E+02  0.889131861663025E+07
  v     =  -0.379257543537449E+00  0.313860046172328E+00 -0.752502527925666E+03
  omega =  -0.455793519489859E-06  0.629633444572362E-06  0.442928683708861E-04
  t     =   0.209480943543541E+03  0.309707499019305E+03  0.139207744569546E+09
      qv=  -0.155190663551307E-33  0.878153940829961E+00  0.104869854940302E+03
      qv=  -0.108381848446774E-32  0.878009571800645E+00  0.146910537563569E+03
      qv=   0.214771912265856E-02  0.947838692992094E+00  0.926690755080482E+05
      qv=   0.999999999999806E+00  0.100000000000020E+01  0.561600000000000E+06
      ps=   0.999641601215934E+05  0.100033596176819E+06  0.216000109436882E+10
      M =   0.101976716676049E+05 kg/m^2  0.100000000000000E+06 mb     
 nstep=        1152  time=   2.00000000000000       [day]
  u     =  -0.362941367784825E-01  0.351015207580233E+02  0.888700119871385E+07
  v     =  -0.523351820623587E+00  0.370816133703289E+00  0.523580535664204E+03
  omega =  -0.485129224329678E-06  0.528225222186611E-06 -0.585417455753426E-05
  t     =   0.209482930458650E+03  0.309700429602365E+03  0.139207726139479E+09
      qv=  -0.799585281714792E-27  0.808629151980212E+00  0.108318125967723E+03
      qv=   0.000000000000000E+00  0.793060373931004E+00  0.146015574045675E+03
      qv=   0.217951974479164E-02  0.946906760418201E+00  0.926745171294947E+05
      qv=   0.999999999999713E+00  0.100000000000026E+01  0.561600000000000E+06
      ps=   0.999440073884699E+05  0.100025911631291E+06  0.216000014114975E+10
      M =   0.101976716676049E+05 kg/m^2  0.100000000000000E+06 mb     
 nstep=        1728  time=   3.00000000000000       [day]
  u     =  -0.591415163431429E-01  0.351197301721841E+02  0.888625242465633E+07
  v     =  -0.103186190020143E+01  0.695479436231923E+00  0.629602820380795E+03
  omega =  -0.571532581305931E-06  0.461215363274582E-06 -0.128952995345637E-03
  t     =   0.209487515229670E+03  0.309705515464427E+03  0.139207520465006E+09
      qv=  -0.122190044144812E-25  0.746170242825482E+00  0.106043099782592E+03
      qv=   0.000000000000000E+00  0.742095366891266E+00  0.146927984323420E+03
      qv=   0.220050764781459E-02  0.946276339848429E+00  0.926758185333107E+05
      qv=   0.999999999999695E+00  0.100000000000028E+01  0.561600000000001E+06
      ps=   0.998869184825236E+05  0.100052617381301E+06  0.215999916782743E+10
      M =   0.101976716676049E+05 kg/m^2  0.100000000000000E+06 mb     
 nstep=        2304  time=   4.00000000000000       [day]
  u     =  -0.143609084715419E-01  0.351110445173234E+02  0.888681175031164E+07
  v     =  -0.193216766634198E+01  0.132574901335446E+01 -0.100660844643489E+04
  omega =  -0.457823773780199E-06  0.644372553930255E-06  0.612608551446736E-04
  t     =   0.209470640370649E+03  0.309703083974211E+03  0.139207675640148E+09
      qv=  -0.434183589759793E-40  0.711772057928187E+00  0.106084049366116E+03
      qv=  -0.406585379745630E-42  0.706178915221555E+00  0.148721078266818E+03
      qv=   0.221646031998452E-02  0.945794926977442E+00  0.926772757808875E+05
      qv=   0.999999999999730E+00  0.100000000000037E+01  0.561600000000001E+06
      ps=   0.998406868834765E+05  0.100102333970960E+06  0.215999889647918E+10
      M =   0.101976716676049E+05 kg/m^2  0.100000000000000E+06 mb     
 nstep=        2880  time=   5.00000000000000       [day]
  u     =  -0.212300844617124E-01  0.351424469831855E+02  0.888612421173556E+07
  v     =  -0.361311627864854E+01  0.289624525709056E+01 -0.556989938477683E+03
  omega =  -0.408330575376057E-06  0.401748794513329E-06 -0.579014422932652E-04
  t     =   0.209487349811394E+03  0.309704711119339E+03  0.139207476174126E+09
      qv=  -0.142412035864497E-23  0.673496836743430E+00  0.107940255354848E+03
      qv=  -0.284520194936852E-24  0.667320285223531E+00  0.150370712676333E+03
      qv=   0.222901120663079E-02  0.945406944853336E+00  0.926802430775568E+05
      qv=   0.999999999999662E+00  0.100000000000043E+01  0.561600000000001E+06
      ps=   0.997030509046947E+05  0.100210985840301E+06  0.216000108201952E+10
      M =   0.101976716676049E+05 kg/m^2  0.100000000000000E+06 mb     
 nstep=        3456  time=   6.00000000000000       [day]
  u     =  -0.348559010206714E-01  0.353503507327599E+02  0.888756813635185E+07
  v     =  -0.654044626211025E+01  0.620970029421464E+01  0.856925859088088E+03
  omega =  -0.766422550053520E-06  0.737686456234019E-06  0.116488955448563E-03
  t     =   0.209478262833558E+03  0.309704823960306E+03  0.139207351213452E+09
      qv=  -0.142051280281271E-27  0.633704589861519E+00  0.106477326168168E+03
      qv=   0.000000000000000E+00  0.652534730116837E+00  0.151340200832917E+03
      qv=   0.223937545405597E-02  0.945093318159228E+00  0.926823305974484E+05
      qv=   0.999999999999724E+00  0.100000000000037E+01  0.561600000000002E+06
      ps=   0.994388793933659E+05  0.100420296587750E+06  0.216000209276762E+10
      M =   0.101976716676049E+05 kg/m^2  0.100000000000001E+06 mb     
 nstep=        4032  time=   7.00000000000000       [day]
  u     =  -0.942642634507538E-02  0.357368896738741E+02  0.889039927165082E+07
  v     =  -0.110755084000257E+02  0.123683999411549E+02 -0.228187829000122E+03
  omega =  -0.173975685464625E-05  0.113740018181329E-05  0.598946111604652E-05
  t     =   0.209480597845148E+03  0.309706489315368E+03  0.139206484301637E+09
      qv=  -0.251180586174481E-26  0.604111577868796E+00  0.107580649220026E+03
      qv=  -0.909145759507764E-26  0.627035524661511E+00  0.151155772634225E+03
      qv=   0.224795176197293E-02  0.944826415704662E+00  0.926881830817037E+05
      qv=   0.999999999999689E+00  0.100000000000036E+01  0.561600000000002E+06
      ps=   0.988613170350043E+05  0.100758342629045E+06  0.216000406137130E+10
      M =   0.101976716676049E+05 kg/m^2  0.100000000000001E+06 mb     
 nstep=        4608  time=   8.00000000000000       [day]
  u     =  -0.608826782950527E+01  0.363989867863821E+02  0.888606657345822E+07
  v     =  -0.160349715735041E+02  0.260646798986122E+02 -0.101941939619560E+04
  omega =  -0.322851905713789E-05  0.179312871604676E-05  0.175648273843901E-04
  t     =   0.209480538200455E+03  0.309707610423720E+03  0.139202926339044E+09
      qv=  -0.207411749464344E-31  0.567462678028431E+00  0.107880146490999E+03
      qv=  -0.145469613226658E-24  0.608452780199381E+00  0.151136086990660E+03
      qv=   0.225576303883181E-02  0.944637462014441E+00  0.927300578232810E+05
      qv=   0.999999999999677E+00  0.100000000000042E+01  0.561600000000002E+06
      ps=   0.976445544970296E+05  0.101211464645323E+06  0.216001153276127E+10
      M =   0.101976716676049E+05 kg/m^2  0.100000000000001E+06 mb     
 nstep=        5184  time=   9.00000000000000       [day]
  u     =  -0.232138863248418E+02  0.377932420343752E+02  0.888223274740565E+07
  v     =  -0.230776307819556E+02  0.391677066299213E+02  0.143168285404575E+04
  omega =  -0.837263386590863E-05  0.309005778552236E-05 -0.504695000705435E-03
  t     =   0.209470145676012E+03  0.309708671817194E+03  0.139194508089603E+09
      qv=   0.000000000000000E+00  0.533108207756215E+00  0.107794568594632E+03
      qv=  -0.529905284129129E-33  0.585342796670361E+00  0.150948355003387E+03
      qv=   0.226244716634694E-02  0.944602112007381E+00  0.928331762789087E+05
      qv=   0.999999999999655E+00  0.100000000000038E+01  0.561600000000003E+06
      ps=   0.954628805733131E+05  0.101858805208180E+06  0.216003822355633E+10
      M =   0.101976716676049E+05 kg/m^2  0.100000000000001E+06 mb     
